Microchip MPLAB XC8 Compiler V1.34 ()

Linker command line:

--edf=C:\Program Files (x86)\Microchip\xc8\v1.34\dat\en_msgs.txt -cs \
  -h+tc2015.sym --cmf=tc2015.cmf -z -Q18F4550 \
  -oC:\Users\Nelarus\AppData\Local\Temp\sj10.6 -Mtc2015.map -E1 -ver=XC8 \
  -ASTACK=0270h-07ffh -pstack=STACK \
  -ACODE=01000h-01005h,01008h-01015h,01018h-07FFFh \
  -ACONST=01000h-01005h,01008h-01015h,01018h-07FFFh \
  -ASMALLCONST=01000h-01005h,01008h-01015h,01018h-010FFh,01100h-011FFhx111 \
  -AMEDIUMCONST=01000h-01005h,01008h-01015h,01018h-07FFFh -ACOMRAM=01h-05Fh \
  -AABS1=00h-07FFh -ABIGRAM=01h-07FFh -ARAM=060h-0FFh,0100h-01FFhx7 \
  -ABANK0=060h-0FFh -ABANK1=0100h-01FFh -ABANK2=0200h-02FFh \
  -ABANK3=0300h-03FFh -ABANK4=0400h-04FFh -ABANK5=0500h-05FFh \
  -ABANK6=0600h-06FFh -ABANK7=0700h-07FFh -ASFR=0F60h-0FFFh \
  -preset_vec=01000h,intcode=01008h,intcodelo,powerup,init,end_init \
  -pramtop=0800h -psmallconst=SMALLCONST -pmediumconst=MEDIUMCONST \
  -pconst=CONST -AFARRAM=00h-00h -ACONFIG=0300000h-030000Dh -pconfig=CONFIG \
  -AIDLOC=0200000h-0200007h -pidloc=IDLOC -AEEDATA=0F00000h-0F000FFh \
  -peeprom_data=EEDATA \
  -prdata=COMRAM,nvrram=COMRAM,nvbit=COMRAM,rbss=COMRAM,rbit=COMRAM \
  -pfarbss=FARRAM,fardata=FARRAM,nvFARRAM=FARRAM \
  -pintsave_regs=BIGRAM,bigbss=BIGRAM,bigdata=BIGRAM -pbss=RAM \
  -pidata=CODE,irdata=CODE,ibigdata=CODE,ifardata=CODE -prparam=COMRAM \
  C:\Users\Nelarus\AppData\Local\Temp\sj10.obj tc2015.obj 

Object code version is 3.11

Machine type is 18F4550

Call graph: (short form)




                Name                               Link     Load   Length Selector   Space Scale
C:\Users\Nelarus\AppData\Local\Temp\sj10.obj
                end_init                           1018     1018        4      804       0
                reset_vec                          1000     1000        4      800       0
                config                           300000   300000        E   300000       0
tc2015.obj      intcode                            1008     1008       10      804       0
                mediumconst                        7E96     7E96      16A     3F4B       0
                text46                             67CA     67CA       98     33E5       0
                text45                             6210     6210       4A     3108       0
                text44                             6194     6194       3E     30CA       0
                text43                             605A     605A       26     302D       0
                text42                             5F94     5F94       1C     2FCA       0
                text41                             60D0     60D0       2C     3068       0
                text40                             5F60     5F60       1A     2FB0       0
                text39                             62EE     62EE       4E     3177       0
                text38                             656A     656A       6E     32B5       0
                text37                             5F04     5F04        8     2F82       0
                text36                             6E22     6E22      2C4     3711       0
                text35                             5F24     5F24        E     2F92       0
                intcode_body                       6B9C     6B9C      286     35CE       0
                text33                             649A     649A       68     324D       0
                text32                             60FC     60FC       30     307E       0
                text31                             5F4E     5F4E       12     2FA7       0
                text30                             6862     6862       A4     3431       0
                text29                             638C     638C       56     31C6       0
                text28                             625A     625A       4A     312D       0
                text27                             61D2     61D2       3E     30E9       0
                text26                             6080     6080       26     3040       0
                text25                             69AE     69AE       E0     34D7       0
                text24                             5FEE     5FEE       24     2FF7       0
                text23                             60A6     60A6       2A     3053       0
                text22                             5EFE     5EFE        6     2F7F       0
                text21                             612C     612C       34     3096       0
                text20                             6742     6742       88     33A1       0
                text19                             5F32     5F32        E     2F99       0
                text18                             63E2     63E2       56     31F1       0
                text17                             6A8E     6A8E      10E     3547       0
                text16                             6012     6012       24     3009       0
                text15                             65D8     65D8       6E     32EC       0
                text14                             5F7A     5F7A       1A     2FBD       0
                text13                             6906     6906       A8     3483       0
                text12                             62A4     62A4       4A     3152       0
                text11                             6036     6036       24     301B       0
                text10                             6646     6646       78     3323       0
                text9                              6160     6160       34     30B0       0
                text8                              66BE     66BE       84     335F       0
                text7                              5FB0     5FB0       1C     2FD8       0
                text6                              6502     6502       68     3281       0
                text5                              5F0C     5F0C        A     2F86       0
                text4                              70E6     70E6      2CE     3873       0
                text3                              5F40     5F40        E     2FA0       0
                text2                              633C     633C       50     319E       0
                text1                              5FCC     5FCC       22     2FE6       0
                text0                              73B4     73B4      AE2     39DA       0
                cstackCOMRAM                          1        1       2F        1       1
                cstackBANK0                          B8       B8       42       60       1
                bssBIGRAM                           150      150      120      150       1
                bssBANK1                            100      100       50      100       1
                bssBANK0                             60       60       58       60       1
                dataCOMRAM                           3D       3D        D        1       1
                bssCOMRAM                            30       30        D        1       1
                cinit                              6438     6438       62     321C       0
                idataCOMRAM                        5F17     5F17        D     5F17       0

TOTAL           Name                               Link     Load   Length     Space
        CLASS   STACK          

        CLASS   CODE           
                end_init                           1018     1018        4         0
                intcode                            1008     1008       10         0
                reset_vec                          1000     1000        4         0
                text46                             67CA     67CA       98         0
                text45                             6210     6210       4A         0
                text44                             6194     6194       3E         0
                text43                             605A     605A       26         0
                text42                             5F94     5F94       1C         0
                text41                             60D0     60D0       2C         0
                text40                             5F60     5F60       1A         0
                text39                             62EE     62EE       4E         0
                text38                             656A     656A       6E         0
                text37                             5F04     5F04        8         0
                text36                             6E22     6E22      2C4         0
                text35                             5F24     5F24        E         0
                intcode_body                       6B9C     6B9C      286         0
                text33                             649A     649A       68         0
                text32                             60FC     60FC       30         0
                text31                             5F4E     5F4E       12         0
                text30                             6862     6862       A4         0
                text29                             638C     638C       56         0
                text28                             625A     625A       4A         0
                text27                             61D2     61D2       3E         0
                text26                             6080     6080       26         0
                text25                             69AE     69AE       E0         0
                text24                             5FEE     5FEE       24         0
                text23                             60A6     60A6       2A         0
                text22                             5EFE     5EFE        6         0
                text21                             612C     612C       34         0
                text20                             6742     6742       88         0
                text19                             5F32     5F32        E         0
                text18                             63E2     63E2       56         0
                text17                             6A8E     6A8E      10E         0
                text16                             6012     6012       24         0
                text15                             65D8     65D8       6E         0
                text14                             5F7A     5F7A       1A         0
                text13                             6906     6906       A8         0
                text12                             62A4     62A4       4A         0
                text11                             6036     6036       24         0
                text10                             6646     6646       78         0
                text9                              6160     6160       34         0
                text8                              66BE     66BE       84         0
                text7                              5FB0     5FB0       1C         0
                text6                              6502     6502       68         0
                text5                              5F0C     5F0C        A         0
                text4                              70E6     70E6      2CE         0
                text3                              5F40     5F40        E         0
                text2                              633C     633C       50         0
                text1                              5FCC     5FCC       22         0
                text0                              73B4     73B4      AE2         0
                cinit                              6438     6438       62         0
                idataCOMRAM                        5F17     5F17        D         0

        CLASS   CONST          

        CLASS   SMALLCONST     

        CLASS   MEDIUMCONST    
                mediumconst                        7E96     7E96      16A         0

        CLASS   COMRAM         
                cstackCOMRAM                          1        1       2F         1
                dataCOMRAM                           3D       3D        D         1
                bssCOMRAM                            30       30        D         1

        CLASS   ABS1           

        CLASS   BIGRAM         
                bssBIGRAM                           150      150      120         1

        CLASS   RAM            

        CLASS   BANK0          
                cstackBANK0                          B8       B8       42         1
                bssBANK0                             60       60       58         1

        CLASS   BANK1          
                bssBANK1                            100      100       50         1

        CLASS   BANK2          

        CLASS   BANK3          

        CLASS   BANK4          

        CLASS   BANK5          

        CLASS   BANK6          

        CLASS   BANK7          

        CLASS   SFR            

        CLASS   FARRAM         

        CLASS   CONFIG         
                config                           300000   300000        E         0

        CLASS   IDLOC          

        CLASS   EEDATA         



SEGMENTS        Name                           Load    Length   Top    Selector   Space  Class

                cstackCOMRAM                   000001  000049  00004A         1       1  COMRAM  
                bssBANK0                       000060  00009A  0000FA        60       1  BANK0   
                bssBANK1                       000100  000050  000150       100       1  BANK1   
                bssBIGRAM                      000150  000120  000270       150       1  BIGRAM  
                reset_vec                      001000  000004  001004       800       0  CODE    
                intcode                        001008  000014  00101C       804       0  CODE    
                text22                         005EFE  000006  005F04      2F7F       0  CODE    
                text37                         005F04  000008  005F0C      2F82       0  CODE    
                text5                          005F0C  00000A  005F16      2F86       0  CODE    
                idataCOMRAM                    005F17  00000D  005F24      5F17       0  CODE    
                text35                         005F24  00000E  005F32      2F92       0  CODE    
                text19                         005F32  00000E  005F40      2F99       0  CODE    
                text3                          005F40  00000E  005F4E      2FA0       0  CODE    
                text31                         005F4E  000012  005F60      2FA7       0  CODE    
                text40                         005F60  00001A  005F7A      2FB0       0  CODE    
                text14                         005F7A  00001A  005F94      2FBD       0  CODE    
                text42                         005F94  00001C  005FB0      2FCA       0  CODE    
                text7                          005FB0  00001C  005FCC      2FD8       0  CODE    
                text1                          005FCC  000022  005FEE      2FE6       0  CODE    
                text24                         005FEE  000024  006012      2FF7       0  CODE    
                text16                         006012  000024  006036      3009       0  CODE    
                text11                         006036  000024  00605A      301B       0  CODE    
                text43                         00605A  000026  006080      302D       0  CODE    
                text26                         006080  000026  0060A6      3040       0  CODE    
                text23                         0060A6  00002A  0060D0      3053       0  CODE    
                text41                         0060D0  00002C  0060FC      3068       0  CODE    
                text32                         0060FC  000030  00612C      307E       0  CODE    
                text21                         00612C  000034  006160      3096       0  CODE    
                text9                          006160  000034  006194      30B0       0  CODE    
                text44                         006194  00003E  0061D2      30CA       0  CODE    
                text27                         0061D2  00003E  006210      30E9       0  CODE    
                text45                         006210  00004A  00625A      3108       0  CODE    
                text28                         00625A  00004A  0062A4      312D       0  CODE    
                text12                         0062A4  00004A  0062EE      3152       0  CODE    
                text39                         0062EE  00004E  00633C      3177       0  CODE    
                text2                          00633C  000050  00638C      319E       0  CODE    
                text29                         00638C  000056  0063E2      31C6       0  CODE    
                text18                         0063E2  000056  006438      31F1       0  CODE    
                cinit                          006438  000062  00649A      321C       0  CODE    
                text33                         00649A  000068  006502      324D       0  CODE    
                text6                          006502  000068  00656A      3281       0  CODE    
                text38                         00656A  00006E  0065D8      32B5       0  CODE    
                text15                         0065D8  00006E  006646      32EC       0  CODE    
                text10                         006646  000078  0066BE      3323       0  CODE    
                text8                          0066BE  000084  006742      335F       0  CODE    
                text20                         006742  000088  0067CA      33A1       0  CODE    
                text46                         0067CA  000098  006862      33E5       0  CODE    
                text30                         006862  0000A4  006906      3431       0  CODE    
                text13                         006906  0000A8  0069AE      3483       0  CODE    
                text25                         0069AE  0000E0  006A8E      34D7       0  CODE    
                text17                         006A8E  00010E  006B9C      3547       0  CODE    
                intcode_body                   006B9C  000286  006E22      35CE       0  CODE    
                text36                         006E22  0002C4  0070E6      3711       0  CODE    
                text4                          0070E6  0002CE  0073B4      3873       0  CODE    
                text0                          0073B4  000AE2  007E96      39DA       0  CODE    
                mediumconst                    007E96  00016A  008000      3F4B       0  MEDIUMCO
                config                         300000  00000E  30000E    300000       0  CONFIG  


UNUSED ADDRESS RANGES

        Name                Unused          Largest block    Delta
        BANK0            0000FA-0000FF                6
        BANK2            000270-0002FF               90
        BANK3            000300-0003FF              100
        BANK4            000400-0004FF              100
        BANK5            000500-0005FF              100
        BANK6            000600-0006FF              100
        BANK7            000700-0007FF              100
        BIGRAM           00004A-00005F               16
                         0000FA-0000FF                6
                         000270-0007FF              590
        CODE             001004-001005                2
                         00101C-005EFD             4EE2
                         005F16-005F16                1
        COMRAM           00004A-00005F               16
        CONST            001004-001005                2
                         00101C-005EFD             4EE2
                         005F16-005F16                1
        EEDATA           F00000-F000FF              100
        FARRAM           000000-000000                1
        IDLOC            200000-200007                8
        MEDIUMCONST      001004-001005                2
                         00101C-005EFD             4EE2
                         005F16-005F16                1
        RAM              0000FA-0000FF                6
                         000270-0007FF              100
        SFR              000F60-000FFF               A0
        SMALLCONST       001004-001005                2
                         00101C-005EFD              100
                         005F16-005F16                1
        STACK            000270-0007FF              590

                                  Symbol Table

?___awdiv                                cstackBANK0  0000BE
?___awmod                                cstackBANK0  0000B8
?___lwdiv                                cstackBANK0  0000B8
?___lwmod                                cstackBANK0  0000BF
?___wmul                                 cstackBANK0  0000B8
?_printf                                 cstackBANK0  0000C4
?i2___lwdiv                              cstackCOMRAM 000001
?i2___lwmod                              cstackCOMRAM 000008
?i2___wmul                               cstackCOMRAM 000001
?i2_printf                               cstackCOMRAM 00000D
PL10                                     text0        007E00
PL12                                     text0        007E22
PL14                                     text36       0070C6
PL16                                     text4        007398
PL18                                     text0        007E40
PL2                                      text0        007DE8
PL20                                     text0        007E54
PL22                                     text36       0070D4
PL24                                     text0        007E68
PL26                                     text0        007E7A
PL28                                     text25       006A7E
PL30                                     text20       0067BA
PL32                                     text4        0073A6
PL34                                     text41       0060EE
PL36                                     text0        007E88
PL4                                      text30       0068CC
PL6                                      text36       0070B4
PL8                                      text30       0068E2
Read_b_eep@badd                          cstackBANK0  0000B8
Write_b_eep@GIE_BIT_VAL                  cstackBANK0  0000BB
Write_b_eep@badd                         cstackBANK0  0000B8
Write_b_eep@bdat                         cstackBANK0  0000BA
_ADCON1                                  (abs)        000FC1
_BRG16                                   (abs)        007DC3
_BRGH                                    (abs)        007D62
_Busy_eep                                text22       005EFE
_CMCON                                   (abs)        000FB4
_CREN                                    (abs)        007D5C
_EEADR                                   (abs)        000FA9
_EECON1bits                              (abs)        000FA6
_EECON2                                  (abs)        000FA7
_EEDATA                                  (abs)        000FA8
_FERR                                    (abs)        007D5A
_FLAGS_1                                 bssBANK0     000070
_FLAGS_2                                 bssCOMRAM    000037
_FLAGS_3                                 bssCOMRAM    000038
_INTCON                                  (abs)        000FF2
_INTCON2                                 (abs)        000FF1
_INTCONbits                              (abs)        000FF2
_LATA                                    (abs)        000F89
_LATB                                    (abs)        000F8A
_LATCbits                                (abs)        000F8B
_LATD                                    (abs)        000F8C
_LATDbits                                (abs)        000F8C
_LATEbits                                (abs)        000F8D
_Linha_3                                 bssBANK0     000071
_Linha_4                                 bssBANK0     000072
_OERR                                    (abs)        007D59
_OSCCON                                  (abs)        000FD3
_PIE1                                    (abs)        000F9D
_PORTB                                   (abs)        000F81
_PORTB_SR                                bssCOMRAM    000039
_PORTBbits                               (abs)        000F81
_PORTD                                   (abs)        000F83
_PORTDbits                               (abs)        000F83
_PORTEbits                               (abs)        000F84
_RBIE                                    (abs)        007F93
_RBIF                                    (abs)        007F90
_RCIE                                    (abs)        007CED
_RCIF                                    (abs)        007CF5
_RCONbits                                (abs)        000FD0
_RCREG                                   (abs)        000FAE
_RX9                                     (abs)        007D5E
_Read_b_eep                              text31       005F4E
_SPBRG                                   (abs)        000FAF
_SPEN                                    (abs)        007D5F
_SYNC                                    (abs)        007D64
_T0CON                                   (abs)        000FD5
_T1CON                                   (abs)        000FCD
_TMR0H                                   (abs)        000FD7
_TMR0IE                                  (abs)        007F95
_TMR0IF                                  (abs)        007F92
_TMR0L                                   (abs)        000FD6
_TMR1H                                   (abs)        000FCF
_TMR1IE                                  (abs)        007CE8
_TMR1IF                                  (abs)        007CF0
_TMR1L                                   (abs)        000FCE
_TMR1ON                                  (abs)        007E68
_TRISA                                   (abs)        000F92
_TRISB                                   (abs)        000F93
_TRISC                                   (abs)        000F94
_TRISD                                   (abs)        000F95
_TRISE                                   (abs)        000F96
_TRMT                                    (abs)        007D61
_TX9                                     (abs)        007D66
_TXCKP                                   (abs)        007DC4
_TXEN                                    (abs)        007D65
_TXIE                                    (abs)        007CEC
_TXREG                                   (abs)        000FAD
_WR                                      (abs)        007D31
_Write_b_eep                             text21       00612C
__CFG_BOR$OFF                            (abs)        000000
__CFG_CCP2MX$OFF                         (abs)        000000
__CFG_CP0$OFF                            (abs)        000000
__CFG_CP1$OFF                            (abs)        000000
__CFG_CP2$OFF                            (abs)        000000
__CFG_CP3$OFF                            (abs)        000000
__CFG_CPB$OFF                            (abs)        000000
__CFG_CPD$OFF                            (abs)        000000
__CFG_CPUDIV$OSC4_PLL6                   (abs)        000000
__CFG_EBTR0$OFF                          (abs)        000000
__CFG_EBTR1$OFF                          (abs)        000000
__CFG_EBTR2$OFF                          (abs)        000000
__CFG_EBTR3$OFF                          (abs)        000000
__CFG_EBTRB$OFF                          (abs)        000000
__CFG_FCMEN$OFF                          (abs)        000000
__CFG_FOSC$XTPLL_XT                      (abs)        000000
__CFG_IESO$OFF                           (abs)        000000
__CFG_LPT1OSC$OFF                        (abs)        000000
__CFG_LVP$OFF                            (abs)        000000
__CFG_MCLRE$ON                           (abs)        000000
__CFG_PBADEN$OFF                         (abs)        000000
__CFG_PLLDIV$1                           (abs)        000000
__CFG_PWRT$ON                            (abs)        000000
__CFG_STVREN$ON                          (abs)        000000
__CFG_USBDIV$1                           (abs)        000000
__CFG_VREGEN$ON                          (abs)        000000
__CFG_WDT$OFF                            (abs)        000000
__CFG_WRT0$OFF                           (abs)        000000
__CFG_WRT1$OFF                           (abs)        000000
__CFG_WRT2$OFF                           (abs)        000000
__CFG_WRT3$OFF                           (abs)        000000
__CFG_WRTB$OFF                           (abs)        000000
__CFG_WRTC$OFF                           (abs)        000000
__CFG_WRTD$OFF                           (abs)        000000
__CFG_XINST$OFF                          (abs)        000000
__HRAM                                   (abs)        000000
__Habs1                                  abs1         000000
__Hbank0                                 bank0        000000
__Hbank1                                 bank1        000000
__Hbank2                                 bank2        000000
__Hbank3                                 bank3        000000
__Hbank4                                 bank4        000000
__Hbank5                                 bank5        000000
__Hbank6                                 bank6        000000
__Hbank7                                 bank7        000000
__Hbigbss                                bigbss       000000
__Hbigdata                               bigdata      000000
__Hbigram                                bigram       000000
__Hbss                                   bss          000000
__HbssBANK0                              bssBANK0     000000
__HbssBANK1                              bssBANK1     000000
__HbssBIGRAM                             bssBIGRAM    000000
__HbssCOMRAM                             bssCOMRAM    000000
__Hcinit                                 cinit        000000
__Hclrtext                               clrtext      000000
__Hcomram                                comram       000000
__Hconfig                                config       30000E
__Hconst                                 const        000000
__HcstackBANK0                           cstackBANK0  000000
__HcstackCOMRAM                          cstackCOMRAM 000000
__Hdata                                  data         000000
__HdataCOMRAM                            dataCOMRAM   000000
__Heeprom_data                           eeprom_data  000000
__Hend_init                              end_init     00101C
__Hfarbss                                farbss       000000
__Hfardata                               fardata      000000
__Hibigdata                              ibigdata     000000
__Hidata                                 idata        000000
__HidataCOMRAM                           idataCOMRAM  000000
__Hidloc                                 idloc        000000
__Hifardata                              ifardata     000000
__Hinit                                  init         001018
__Hintcode                               intcode      001018
__Hintcode_body                          intcode_body 000000
__Hintcodelo                             intcodelo    001018
__Hintentry                              intentry     000000
__Hintret                                intret       000000
__Hintsave_regs                          intsave_regs 000000
__Hirdata                                irdata       000000
__Hmediumconst                           mediumconst  008000
__HnvFARRAM                              nvFARRAM     000000
__Hnvbit                                 nvbit        000000
__Hnvrram                                nvrram       000000
__Hpa_nodes                              pa_nodes     000000
__Hparam                                 rparam       000000
__Hpowerup                               powerup      001018
__Hram                                   ram          000000
__Hramtop                                ramtop       000800
__Hrbit                                  rbit         000000
__Hrbss                                  rbss         000000
__Hrdata                                 rdata        000000
__Hreset_vec                             reset_vec    001004
__Hrparam                                rparam       000000
__Hsfr                                   sfr          000000
__Hsmallconst                            smallconst   000000
__Hspace_0                               (abs)        30000E
__Hspace_1                               (abs)        000270
__Hspace_2                               (abs)        000000
__Hstack                                 stack        000000
__Hstruct                                struct       000000
__Htemp                                  temp         000000
__Htext                                  text         000000
__Htext0                                 text0        000000
__Htext1                                 text1        000000
__Htext10                                text10       000000
__Htext11                                text11       000000
__Htext12                                text12       000000
__Htext13                                text13       000000
__Htext14                                text14       000000
__Htext15                                text15       000000
__Htext16                                text16       000000
__Htext17                                text17       000000
__Htext18                                text18       000000
__Htext19                                text19       000000
__Htext2                                 text2        000000
__Htext20                                text20       000000
__Htext21                                text21       000000
__Htext22                                text22       000000
__Htext23                                text23       000000
__Htext24                                text24       000000
__Htext25                                text25       000000
__Htext26                                text26       000000
__Htext27                                text27       000000
__Htext28                                text28       000000
__Htext29                                text29       000000
__Htext3                                 text3        000000
__Htext30                                text30       000000
__Htext31                                text31       000000
__Htext32                                text32       000000
__Htext33                                text33       000000
__Htext35                                text35       000000
__Htext36                                text36       000000
__Htext37                                text37       000000
__Htext38                                text38       000000
__Htext39                                text39       000000
__Htext4                                 text4        000000
__Htext40                                text40       000000
__Htext41                                text41       000000
__Htext42                                text42       000000
__Htext43                                text43       000000
__Htext44                                text44       000000
__Htext45                                text45       000000
__Htext46                                text46       000000
__Htext5                                 text5        000000
__Htext6                                 text6        000000
__Htext7                                 text7        000000
__Htext8                                 text8        000000
__Htext9                                 text9        000000
__LRAM                                   (abs)        000001
__Labs1                                  abs1         000000
__Lbank0                                 bank0        000000
__Lbank1                                 bank1        000000
__Lbank2                                 bank2        000000
__Lbank3                                 bank3        000000
__Lbank4                                 bank4        000000
__Lbank5                                 bank5        000000
__Lbank6                                 bank6        000000
__Lbank7                                 bank7        000000
__Lbigbss                                bigbss       000000
__Lbigdata                               bigdata      000000
__Lbigram                                bigram       000000
__Lbss                                   bss          000000
__LbssBANK0                              bssBANK0     000000
__LbssBANK1                              bssBANK1     000000
__LbssBIGRAM                             bssBIGRAM    000000
__LbssCOMRAM                             bssCOMRAM    000000
__Lcinit                                 cinit        000000
__Lclrtext                               clrtext      000000
__Lcomram                                comram       000000
__Lconfig                                config       300000
__Lconst                                 const        000000
__LcstackBANK0                           cstackBANK0  000000
__LcstackCOMRAM                          cstackCOMRAM 000000
__Ldata                                  data         000000
__LdataCOMRAM                            dataCOMRAM   000000
__Leeprom_data                           eeprom_data  000000
__Lend_init                              end_init     001018
__Lfarbss                                farbss       000000
__Lfardata                               fardata      000000
__Libigdata                              ibigdata     000000
__Lidata                                 idata        000000
__LidataCOMRAM                           idataCOMRAM  000000
__Lidloc                                 idloc        000000
__Lifardata                              ifardata     000000
__Linit                                  init         001018
__Lintcode                               intcode      001008
__Lintcode_body                          intcode_body 000000
__Lintcodelo                             intcodelo    001018
__Lintentry                              intentry     000000
__Lintret                                intret       000000
__Lintsave_regs                          intsave_regs 000000
__Lirdata                                irdata       000000
__Lmediumconst                           mediumconst  007E96
__LnvFARRAM                              nvFARRAM     000000
__Lnvbit                                 nvbit        000000
__Lnvrram                                nvrram       000000
__Lpa_nodes                              pa_nodes     000000
__Lparam                                 rparam       000000
__Lpowerup                               powerup      001018
__Lram                                   ram          000000
__Lramtop                                ramtop       000800
__Lrbit                                  rbit         000000
__Lrbss                                  rbss         000000
__Lrdata                                 rdata        000000
__Lreset_vec                             reset_vec    001000
__Lrparam                                rparam       000000
__Lsfr                                   sfr          000000
__Lsmallconst                            smallconst   000000
__Lspace_0                               (abs)        000000
__Lspace_1                               (abs)        000000
__Lspace_2                               (abs)        000000
__Lstack                                 stack        000000
__Lstruct                                struct       000000
__Ltemp                                  temp         000000
__Ltext                                  text         000000
__Ltext0                                 text0        000000
__Ltext1                                 text1        000000
__Ltext10                                text10       000000
__Ltext11                                text11       000000
__Ltext12                                text12       000000
__Ltext13                                text13       000000
__Ltext14                                text14       000000
__Ltext15                                text15       000000
__Ltext16                                text16       000000
__Ltext17                                text17       000000
__Ltext18                                text18       000000
__Ltext19                                text19       000000
__Ltext2                                 text2        000000
__Ltext20                                text20       000000
__Ltext21                                text21       000000
__Ltext22                                text22       000000
__Ltext23                                text23       000000
__Ltext24                                text24       000000
__Ltext25                                text25       000000
__Ltext26                                text26       000000
__Ltext27                                text27       000000
__Ltext28                                text28       000000
__Ltext29                                text29       000000
__Ltext3                                 text3        000000
__Ltext30                                text30       000000
__Ltext31                                text31       000000
__Ltext32                                text32       000000
__Ltext33                                text33       000000
__Ltext35                                text35       000000
__Ltext36                                text36       000000
__Ltext37                                text37       000000
__Ltext38                                text38       000000
__Ltext39                                text39       000000
__Ltext4                                 text4        000000
__Ltext40                                text40       000000
__Ltext41                                text41       000000
__Ltext42                                text42       000000
__Ltext43                                text43       000000
__Ltext44                                text44       000000
__Ltext45                                text45       000000
__Ltext46                                text46       000000
__Ltext5                                 text5        000000
__Ltext6                                 text6        000000
__Ltext7                                 text7        000000
__Ltext8                                 text8        000000
__Ltext9                                 text9        000000
__S0                                     (abs)        30000E
__S1                                     (abs)        000270
__S2                                     (abs)        000000
___awdiv                                 text10       006646
___awdiv@counter                         cstackBANK0  0000C2
___awdiv@dividend                        cstackBANK0  0000BE
___awdiv@divisor                         cstackBANK0  0000C0
___awdiv@quotient                        cstackBANK0  0000C4
___awdiv@sign                            cstackBANK0  0000C3
___awmod                                 text33       00649A
___awmod@counter                         cstackBANK0  0000BC
___awmod@dividend                        cstackBANK0  0000B8
___awmod@divisor                         cstackBANK0  0000BA
___awmod@sign                            cstackBANK0  0000BD
___inthi_sp                              stack        000000
___intlo_sp                              stack        000000
___lbdiv                                 text9        006160
___lbdiv@counter                         cstackBANK0  0000BA
___lbdiv@dividend                        cstackBANK0  0000B9
___lbdiv@divisor                         cstackBANK0  0000B8
___lbdiv@quotient                        cstackBANK0  0000BB
___lwdiv                                 text28       00625A
___lwdiv@counter                         cstackBANK0  0000BC
___lwdiv@dividend                        cstackBANK0  0000B8
___lwdiv@divisor                         cstackBANK0  0000BA
___lwdiv@quotient                        cstackBANK0  0000BD
___lwmod                                 text27       0061D2
___lwmod@counter                         cstackBANK0  0000C3
___lwmod@dividend                        cstackBANK0  0000BF
___lwmod@divisor                         cstackBANK0  0000C1
___param_bank                            (abs)        000010
___rparam_used                           (abs)        000001
___sp                                    stack        000000
___wmul                                  text26       006080
___wmul@multiplicand                     cstackBANK0  0000BA
___wmul@multiplier                       cstackBANK0  0000B8
___wmul@product                          cstackBANK0  0000BC
__accesstop                              (abs)        000060
__activetblptr                           (abs)        000002
__end_ofPL10                             text0        007E22
__end_ofPL12                             text0        007E40
__end_ofPL14                             text36       0070D4
__end_ofPL16                             text4        0073A6
__end_ofPL18                             text0        007E54
__end_ofPL2                              text0        007E00
__end_ofPL20                             text0        007E68
__end_ofPL22                             text36       0070E6
__end_ofPL24                             text0        007E7A
__end_ofPL26                             text0        007E88
__end_ofPL28                             text25       006A8E
__end_ofPL30                             text20       0067CA
__end_ofPL32                             text4        0073B4
__end_ofPL34                             text41       0060FC
__end_ofPL36                             text0        007E96
__end_ofPL4                              text30       0068E2
__end_ofPL6                              text36       0070C6
__end_ofPL8                              text30       006906
__end_of_Busy_eep                        text22       005F04
__end_of_Read_b_eep                      text31       005F60
__end_of_Write_b_eep                     text21       006160
__end_of___awdiv                         text10       0066BE
__end_of___awmod                         text33       006502
__end_of___lbdiv                         text9        006194
__end_of___lwdiv                         text28       0062A4
__end_of___lwmod                         text27       006210
__end_of___wmul                          text26       0060A6
__end_of__initialization                 cinit        006490
__end_of_ascii_para_numero               text32       00612C
__end_of_aux                             intcode_body 006E22
__end_of_carregar_senha                  text30       0068CC
__end_of_config_serial                   text29       0063E2
__end_of_configurar_data_inicial         text24       006012
__end_of_delay_ms                        text23       0060D0
__end_of_dia_da_semana                   text25       006A7E
__end_of_dpowers                         mediumconst  007EA1
__end_of_eeprom_config_inicial           text20       0067BA
__end_of_enviar_caractere_serial         text19       005F40
__end_of_enviar_comando_at               text17       006B9C
__end_of_enviar_string_serial            text18       006438
__end_of_escrever_simbolo_fechadura      text15       006646
__end_of_isdigit                         text7        005FCC
__end_of_lcd_clear                       text14       005F94
__end_of_lcd_gotoxy                      text12       0062EE
__end_of_lcd_init                        text13       0069AE
__end_of_lcd_putc                        text6        00656A
__end_of_lcd_write                       text16       006036
__end_of_limpar_linha                    text11       00605A
__end_of_main                            text0        007DE8
__end_of_numero_para_ascii               text8        006742
__end_of_printf                          text4        007398
__end_of_putch                           text5        005F16
__end_of_resetar_timer1                  text3        005F4E
__end_of_teclado_matricial               text46       006862
__end_of_verificar_num_contas            text2        00638C
__end_of_zerar_string                    text1        005FEE
__end_ofi2___lwdiv                       text45       00625A
__end_ofi2___lwmod                       text44       0061D2
__end_ofi2___wmul                        text43       006080
__end_ofi2_isdigit                       text42       005FB0
__end_ofi2_lcd_clear                     text40       005F7A
__end_ofi2_lcd_gotoxy                    text39       00633C
__end_ofi2_lcd_putc                      text38       0065D8
__end_ofi2_lcd_write                     text41       0060EE
__end_ofi2_printf                        text36       0070B4
__end_ofi2_putch                         text37       005F0C
__end_ofi2_resetar_timer1                text35       005F32
__initialization                         cinit        006438
__mediumconst                            mediumconst  007E96
__pbssBANK0                              bssBANK0     000060
__pbssBANK1                              bssBANK1     000100
__pbssBIGRAM                             bssBIGRAM    000150
__pbssCOMRAM                             bssCOMRAM    000030
__pcinit                                 cinit        006438
__pcstackBANK0                           cstackBANK0  0000B8
__pcstackCOMRAM                          cstackCOMRAM 000001
__pdataCOMRAM                            dataCOMRAM   00003D
__pidataCOMRAM                           idataCOMRAM  005F17
__pintcode                               intcode      001008
__pintcode_body                          intcode_body 006B9C
__pmediumconst                           mediumconst  007E96
__ptext0                                 text0        0073B4
__ptext1                                 text1        005FCC
__ptext10                                text10       006646
__ptext11                                text11       006036
__ptext12                                text12       0062A4
__ptext13                                text13       006906
__ptext14                                text14       005F7A
__ptext15                                text15       0065D8
__ptext16                                text16       006012
__ptext17                                text17       006A8E
__ptext18                                text18       0063E2
__ptext19                                text19       005F32
__ptext2                                 text2        00633C
__ptext20                                text20       006742
__ptext21                                text21       00612C
__ptext22                                text22       005EFE
__ptext23                                text23       0060A6
__ptext24                                text24       005FEE
__ptext25                                text25       0069AE
__ptext26                                text26       006080
__ptext27                                text27       0061D2
__ptext28                                text28       00625A
__ptext29                                text29       00638C
__ptext3                                 text3        005F40
__ptext30                                text30       006862
__ptext31                                text31       005F4E
__ptext32                                text32       0060FC
__ptext33                                text33       00649A
__ptext35                                text35       005F24
__ptext36                                text36       006E22
__ptext37                                text37       005F04
__ptext38                                text38       00656A
__ptext39                                text39       0062EE
__ptext4                                 text4        0070E6
__ptext40                                text40       005F60
__ptext41                                text41       0060D0
__ptext42                                text42       005F94
__ptext43                                text43       00605A
__ptext44                                text44       006194
__ptext45                                text45       006210
__ptext46                                text46       0067CA
__ptext5                                 text5        005F0C
__ptext6                                 text6        006502
__ptext7                                 text7        005FB0
__ptext8                                 text8        0066BE
__ptext9                                 text9        006160
__ramtop                                 ramtop       000800
__size_of_Busy_eep                       (abs)        000000
__size_of_Read_b_eep                     (abs)        000000
__size_of_Write_b_eep                    (abs)        000000
__size_of___awdiv                        (abs)        000000
__size_of___awmod                        (abs)        000000
__size_of___lbdiv                        (abs)        000000
__size_of___lwdiv                        (abs)        000000
__size_of___lwmod                        (abs)        000000
__size_of___wmul                         (abs)        000000
__size_of_ascii_para_numero              (abs)        000000
__size_of_aux                            (abs)        000000
__size_of_carregar_senha                 (abs)        000000
__size_of_config_serial                  (abs)        000000
__size_of_configurar_data_inicial        (abs)        000000
__size_of_delay_ms                       (abs)        000000
__size_of_dia_da_semana                  (abs)        000000
__size_of_eeprom_config_inicial          (abs)        000000
__size_of_enviar_caractere_serial        (abs)        000000
__size_of_enviar_comando_at              (abs)        000000
__size_of_enviar_string_serial           (abs)        000000
__size_of_escrever_simbolo_fechadura     (abs)        000000
__size_of_isdigit                        (abs)        000000
__size_of_lcd_clear                      (abs)        000000
__size_of_lcd_gotoxy                     (abs)        000000
__size_of_lcd_init                       (abs)        000000
__size_of_lcd_putc                       (abs)        000000
__size_of_lcd_write                      (abs)        000000
__size_of_limpar_linha                   (abs)        000000
__size_of_main                           (abs)        000000
__size_of_numero_para_ascii              (abs)        000000
__size_of_printf                         (abs)        000000
__size_of_putch                          (abs)        000000
__size_of_resetar_timer1                 (abs)        000000
__size_of_teclado_matricial              (abs)        000000
__size_of_verificar_num_contas           (abs)        000000
__size_of_zerar_string                   (abs)        000000
__size_ofi2___lwdiv                      (abs)        000000
__size_ofi2___lwmod                      (abs)        000000
__size_ofi2___wmul                       (abs)        000000
__size_ofi2_isdigit                      (abs)        000000
__size_ofi2_lcd_clear                    (abs)        000000
__size_ofi2_lcd_gotoxy                   (abs)        000000
__size_ofi2_lcd_putc                     (abs)        000000
__size_ofi2_lcd_write                    (abs)        000000
__size_ofi2_printf                       (abs)        000000
__size_ofi2_putch                        (abs)        000000
__size_ofi2_resetar_timer1               (abs)        000000
__smallconst                             smallconst   000000
_ascii_para_numero                       text32       0060FC
_aux                                     intcode      001008
_buffer_serial                           bssBANK1     000100
_buffer_teclado_matricial                bssBANK0     000078
_caractere_recebido                      bssBANK0     000073
_carregar_senha                          text30       006862
_config_serial                           text29       00638C
_configurar_data_inicial                 text24       005FEE
_data_atual                              bssCOMRAM    000030
_data_recebida                           bssBANK0     0000B1
_delay_ms                                text23       0060A6
_dia_da_semana                           text25       0069AE
_dpowers                                 mediumconst  007E97
_eeprom_config_inicial                   text20       006742
_enviar_caractere_serial                 text19       005F32
_enviar_comando_at                       text17       006A8E
_enviar_string_serial                    text18       0063E2
_escrever_simbolo_fechadura              text15       0065D8
_isdigit                                 text7        005FB0
_isdigit$1543                            cstackBANK0  0000B9
_lcd_clear                               text14       005F7A
_lcd_gotoxy                              text12       0062A4
_lcd_init                                text13       006906
_lcd_putc                                text6        006502
_lcd_type                                bssBANK0     000074
_lcd_write                               text16       006012
_limpar_linha                            text11       006036
_linha_lcd                               bssBANK0     000075
_main                                    text0        0073B4
_nova_senha                              bssBANK0     000060
_num_interrupt_timer1                    bssCOMRAM    00003A
_numero_para_ascii                       text8        0066BE
_parametro_configuracao_modulo_bt        bssBANK0     0000A0
_printf                                  text4        0070E6
_putch                                   text5        005F0C
_qtd_caracteres_recebidos_serial         bssCOMRAM    00003B
_qtd_caracteres_recebidos_teclado        bssCOMRAM    00003C
_qtd_max_colunas_lcd                     bssBANK0     000076
_qtd_max_dias                            dataCOMRAM   000049
_qtd_vezes_mesma_tecla_pressionada       bssBANK0     000077
_resetar_timer1                          text3        005F40
_senha                                   bssBIGRAM    000150
_teclado_matricial                       text46       0067CA
_verificar_num_contas                    text2        00633C
_zerar_string                            text1        005FCC
ascii_para_numero@caractere1             cstackBANK0  0000B9
ascii_para_numero@caractere2             cstackBANK0  0000B8
ascii_para_numero@caractere3             cstackBANK0  0000BB
ascii_para_numero@numero                 cstackBANK0  0000BA
aux@RCREG_temp                           cstackCOMRAM 00002D
aux@coluna                               cstackCOMRAM 00002E
aux@linha                                cstackCOMRAM 00002F
carregar_senha@conta                     cstackBANK0  0000C1
carregar_senha@i                         cstackBANK0  0000C0
carregar_senha@senha_a_carregar          cstackBANK0  0000BA
config_serial@baud                       cstackBANK0  0000B8
configurar_data_inicial@data_inicial     cstackBANK0  0000DA
delay_ms@delay_total                     cstackBANK0  0000B8
delay_ms@temp                            cstackBANK0  0000BB
dia_da_semana@F5283                      dataCOMRAM   00003D
dia_da_semana@ano                        cstackBANK0  0000C4
dia_da_semana@dia                        cstackBANK0  0000C7
dia_da_semana@mes                        cstackBANK0  0000C6
dia_da_semana@seculo                     cstackBANK0  0000D9
dia_da_semana@tabela_mes                 cstackBANK0  0000CD
eeprom_config_inicial@i                  cstackBANK0  0000BC
end_of_initialization                    cinit        006490
enviar_caractere_serial@carater_a_enviar cstackBANK0  0000B8
enviar_comando_at@comando                cstackBANK0  0000BB
enviar_comando_at@parametro              cstackBANK0  0000BA
enviar_string_serial@string_a_enviar     cstackBANK0  0000B8
i2___lwdiv                               text45       006210
i2___lwdiv@counter                       cstackCOMRAM 000007
i2___lwdiv@dividend                      cstackCOMRAM 000001
i2___lwdiv@divisor                       cstackCOMRAM 000003
i2___lwdiv@quotient                      cstackCOMRAM 000005
i2___lwmod                               text44       006194
i2___lwmod@counter                       cstackCOMRAM 00000C
i2___lwmod@dividend                      cstackCOMRAM 000008
i2___lwmod@divisor                       cstackCOMRAM 00000A
i2___wmul                                text43       00605A
i2___wmul@multiplicand                   cstackCOMRAM 000003
i2___wmul@multiplier                     cstackCOMRAM 000001
i2___wmul@product                        cstackCOMRAM 000005
i2_isdigit                               text42       005F94
i2_isdigit$1543                          cstackCOMRAM 000002
i2_lcd_clear                             text40       005F60
i2_lcd_gotoxy                            text39       0062EE
i2_lcd_putc                              text38       00656A
i2_lcd_write                             text41       0060D0
i2_printf                                text36       006E22
i2_putch                                 text37       005F04
i2_resetar_timer1                        text35       005F24
i2isdigit@c                              cstackCOMRAM 000003
i2lcd_gotoxy@coluna                      cstackCOMRAM 000002
i2lcd_gotoxy@linha                       cstackCOMRAM 000004
i2lcd_putc@c                             cstackCOMRAM 000005
i2lcd_write@c                            cstackCOMRAM 000001
i2printf@ap                              cstackCOMRAM 000016
i2printf@c                               cstackCOMRAM 00001E
i2printf@cp                              cstackCOMRAM 000014
i2printf@f                               cstackCOMRAM 00000D
i2printf@flag                            cstackCOMRAM 00001B
i2printf@len                             cstackCOMRAM 000019
i2printf@prec                            cstackCOMRAM 000013
i2printf@val                             cstackCOMRAM 000017
i2printf@width                           cstackCOMRAM 00001C
i2putch@c                                cstackCOMRAM 000006
i2resetar_timer1@valor_h                 cstackCOMRAM 000002
i2resetar_timer1@valor_l                 cstackCOMRAM 000001
int_func                                 intcode_body 006B9C
intlevel0                                text         000000
intlevel1                                text         000000
intlevel2                                text         000000
intlevel3                                text         000000
isdigit@c                                cstackBANK0  0000BA
lcd_gotoxy@coluna                        cstackBANK0  0000B9
lcd_gotoxy@linha                         cstackBANK0  0000BB
lcd_init@definir_tipo_lcd                cstackBANK0  0000BB
lcd_putc@c                               cstackBANK0  0000BC
lcd_write@c                              cstackBANK0  0000B8
limpar_linha@coluna_atual                cstackBANK0  0000BD
limpar_linha@linha                       cstackBANK0  0000BC
main@comando_at                          cstackBANK0  0000E9
main@cont                                cstackBANK0  0000F1
main@conta                               cstackBANK0  0000F6
main@conta_a_ser_alterada                cstackBANK0  0000EB
main@contas_cadastradas                  cstackBANK0  0000EE
main@etapa                               cstackBANK0  0000F4
main@funcao                              cstackBANK0  0000F5
main@i                                   cstackBANK0  0000EC
main@i_795                               cstackBANK0  0000F3
main@novo_valor                          cstackBANK0  0000ED
main@ordem                               cstackBANK0  0000F9
main@ptr_caractere_recebido_serial       cstackBANK0  0000F7
main@ptr_data                            cstackBANK0  0000EA
main@qtd_total_contas                    cstackBANK0  0000F0
main@tentativas                          cstackBANK0  0000E8
main@ultimo_caractere_recebido           cstackBANK0  0000F2
numero_para_ascii@numero                 cstackBANK0  0000C9
numero_para_ascii@temp1                  cstackBANK0  0000CA
numero_para_ascii@temp2                  cstackBANK0  0000C7
printf@ap                                cstackBANK0  0000D9
printf@c                                 cstackBANK0  0000E1
printf@cp                                cstackBANK0  0000D7
printf@f                                 cstackBANK0  0000C4
printf@flag                              cstackBANK0  0000DE
printf@len                               cstackBANK0  0000DC
printf@prec                              cstackBANK0  0000D6
printf@val                               cstackBANK0  0000DA
printf@width                             cstackBANK0  0000DF
putch@c                                  cstackBANK0  0000BD
resetar_timer1@valor_h                   cstackBANK0  0000B9
resetar_timer1@valor_l                   cstackBANK0  0000B8
stackhi                                  (abs)        0007FF
stacklo                                  (abs)        000270
start                                    init         001018
start_initialization                     cinit        006438
teclado_matricial@caractere              cstackCOMRAM 000004
teclado_matricial@coluna                 cstackCOMRAM 000002
teclado_matricial@linha                  cstackCOMRAM 000001
teclado_matricial@temp                   cstackCOMRAM 000003
verificar_num_contas@contas_cadastradas  cstackBANK0  0000BE
verificar_num_contas@i                   cstackBANK0  0000BF
verificar_num_contas@qtd_contas          cstackBANK0  0000BA
zerar_string@string_a_zerar              cstackBANK0  0000B8


FUNCTION INFORMATION:

 *************** function _main *****************
 Defined at:
		line 313 in file "D:\Dropbox\Micros\2015\TC_2015\18F4550\main.c"
 Parameters:    Size  Location     Type
		None
 Auto vars:     Size  Location     Type
  novo_valor      1   53[BANK0 ] unsigned char 
  i               1   59[BANK0 ] unsigned char 
  tentativas      1   48[BANK0 ] unsigned char 
  ptr_caracter    2   63[BANK0 ] PTR unsigned char 
		 -> buffer_serial(80), 
  i               1   52[BANK0 ] unsigned char 
  contas_cadas    2   54[BANK0 ] int 
  ordem           1   65[BANK0 ] unsigned char 
  conta           1   62[BANK0 ] unsigned char 
  funcao          1   61[BANK0 ] unsigned char 
  etapa           1   60[BANK0 ] unsigned char 
  ultimo_carac    1   58[BANK0 ] unsigned char 
  cont            1   57[BANK0 ] unsigned char 
  qtd_total_co    1   56[BANK0 ] unsigned char 
  conta_a_ser_    1   51[BANK0 ] unsigned char 
  ptr_data        1   50[BANK0 ] PTR unsigned char 
		 -> data_recebida.ano(1), data_recebida(7), 
  comando_at      1   49[BANK0 ] unsigned char 
 Return value:  Size  Location     Type
                  2  256[None  ] int 
 Registers used:
		wreg, fsr0l, fsr0h, fsr1l, fsr1h, fsr2l, fsr2h, status,2, status,0, tblptrl, tblptrh, tblptru, prodl, prodh, cstack
 Tracked objects:
		On entry : 
		On exit  : 
		Unchanged: 
 Data sizes:     COMRAM   BANK0   BANK1   BANK2   BANK3   BANK4   BANK5   BANK6   BANK7
      Params:         0       0       0       0       0       0       0       0       0
      Locals:         0      18       0       0       0       0       0       0       0
      Temps:          0       6       0       0       0       0       0       0       0
      Totals:         0      24       0       0       0       0       0       0       0
Total ram usage:       24 bytes
 Hardware stack levels required when called:   11
 This function calls:
		_Busy_eep
		_Read_b_eep
		_Write_b_eep
		___awmod
		_ascii_para_numero
		_carregar_senha
		_config_serial
		_configurar_data_inicial
		_delay_ms
		_dia_da_semana
		_eeprom_config_inicial
		_enviar_caractere_serial
		_enviar_comando_at
		_enviar_string_serial
		_lcd_gotoxy
		_lcd_init
		_limpar_linha
		_numero_para_ascii
		_printf
		_resetar_timer1
		_verificar_num_contas
		_zerar_string
 This function is called by:
		Startup code after reset
 This function uses a non-reentrant model


 *************** function _zerar_string *****************
 Defined at:
		line 99 in file "D:\Dropbox\Micros\2015\TC_2015\18F4550\main.c"
 Parameters:    Size  Location     Type
  string_a_zer    2    0[BANK0 ] PTR unsigned char 
		 -> buffer_teclado_matricial(40), parametro_configuracao_modulo_bt(17), buffer_serial(80), 
 Auto vars:     Size  Location     Type
		None
 Return value:  Size  Location     Type
		None               void
 Registers used:
		wreg, fsr2l, fsr2h, status,2, status,0
 Tracked objects:
		On entry : 
		On exit  : 
		Unchanged: 
 Data sizes:     COMRAM   BANK0   BANK1   BANK2   BANK3   BANK4   BANK5   BANK6   BANK7
      Params:         0       2       0       0       0       0       0       0       0
      Locals:         0       0       0       0       0       0       0       0       0
      Temps:          0       0       0       0       0       0       0       0       0
      Totals:         0       2       0       0       0       0       0       0       0
Total ram usage:        2 bytes
 Hardware stack levels used:    1
 Hardware stack levels required when called:    6
 This function calls:
		Nothing
 This function is called by:
		_main
 This function uses a non-reentrant model


 *************** function _verificar_num_contas *****************
 Defined at:
		line 19 in file "D:\Dropbox\Micros\2015\TC_2015\18F4550\eeprom_interna.c"
 Parameters:    Size  Location     Type
  contas_cadas    1    wreg     PTR int 
		 -> main@contas_cadastradas(2), 
  qtd_contas      1    2[BANK0 ] PTR unsigned char 
		 -> main@qtd_total_contas(1), 
 Auto vars:     Size  Location     Type
  contas_cadas    1    6[BANK0 ] PTR int 
		 -> main@contas_cadastradas(2), 
  i               1    7[BANK0 ] unsigned char 
 Return value:  Size  Location     Type
		None               void
 Registers used:
		wreg, fsr2l, fsr2h, status,2, status,0, prodl, prodh, cstack
 Tracked objects:
		On entry : 
		On exit  : 
		Unchanged: 
 Data sizes:     COMRAM   BANK0   BANK1   BANK2   BANK3   BANK4   BANK5   BANK6   BANK7
      Params:         0       1       0       0       0       0       0       0       0
      Locals:         0       2       0       0       0       0       0       0       0
      Temps:          0       3       0       0       0       0       0       0       0
      Totals:         0       6       0       0       0       0       0       0       0
Total ram usage:        6 bytes
 Hardware stack levels used:    1
 Hardware stack levels required when called:    7
 This function calls:
		_Read_b_eep
 This function is called by:
		_main
 This function uses a non-reentrant model


 *************** function _resetar_timer1 *****************
 Defined at:
		line 41 in file "D:\Dropbox\Micros\2015\TC_2015\18F4550\time.c"
 Parameters:    Size  Location     Type
  valor_h         1    wreg     unsigned char 
  valor_l         1    0[BANK0 ] unsigned char 
 Auto vars:     Size  Location     Type
  valor_h         1    1[BANK0 ] unsigned char 
 Return value:  Size  Location     Type
		None               void
 Registers used:
		wreg
 Tracked objects:
		On entry : 
		On exit  : 
		Unchanged: 
 Data sizes:     COMRAM   BANK0   BANK1   BANK2   BANK3   BANK4   BANK5   BANK6   BANK7
      Params:         0       1       0       0       0       0       0       0       0
      Locals:         0       1       0       0       0       0       0       0       0
      Temps:          0       0       0       0       0       0       0       0       0
      Totals:         0       2       0       0       0       0       0       0       0
Total ram usage:        2 bytes
 Hardware stack levels used:    1
 Hardware stack levels required when called:    6
 This function calls:
		Nothing
 This function is called by:
		_main
 This function uses a non-reentrant model


 *************** function _printf *****************
 Defined at:
		line 464 in file "C:\Program Files (x86)\Microchip\xc8\v1.34\sources\common\doprnt.c"
 Parameters:    Size  Location     Type
  f               2   12[BANK0 ] PTR const unsigned char 
		 -> STR_29(33), STR_28(2), STR_16(18), STR_15(22), 
		 -> STR_14(20), STR_13(15), STR_12(19), STR_11(3), 
		 -> STR_10(17), STR_9(3), STR_8(4), STR_7(5), 
		 -> STR_2(3), STR_1(2), 
 Auto vars:     Size  Location     Type
  tmpval          4    0        struct .
  width           2   39[BANK0 ] int 
  len             2   36[BANK0 ] unsigned int 
  val             2   34[BANK0 ] unsigned int 
  cp              2   31[BANK0 ] PTR const unsigned char 
		 -> STR_42(7), printf@c(1), buffer_teclado_matricial(40), 
  c               1   41[BANK0 ] char 
  flag            1   38[BANK0 ] unsigned char 
  ap              1   33[BANK0 ] PTR void [1]
		 -> ?i2_printf(2), ?_printf(2), 
  prec            1   30[BANK0 ] char 
 Return value:  Size  Location     Type
                  2   12[BANK0 ] int 
 Registers used:
		wreg, fsr0l, fsr0h, fsr2l, fsr2h, status,2, status,0, tblptrl, tblptrh, tblptru, prodl, prodh, cstack
 Tracked objects:
		On entry : 
		On exit  : 
		Unchanged: 
 Data sizes:     COMRAM   BANK0   BANK1   BANK2   BANK3   BANK4   BANK5   BANK6   BANK7
      Params:         0      14       0       0       0       0       0       0       0
      Locals:         0      12       0       0       0       0       0       0       0
      Temps:          0       4       0       0       0       0       0       0       0
      Totals:         0      30       0       0       0       0       0       0       0
Total ram usage:       30 bytes
 Hardware stack levels used:    1
 Hardware stack levels required when called:   10
 This function calls:
		___lwdiv
		___lwmod
		___wmul
		_isdigit
		_putch
 This function is called by:
		_main
 This function uses a non-reentrant model


 *************** function _putch *****************
 Defined at:
		line 244 in file "D:\Dropbox\Micros\2015\TC_2015\18F4550\LCD_ModSauer.c"
 Parameters:    Size  Location     Type
  c               1    wreg     unsigned char 
 Auto vars:     Size  Location     Type
  c               1    5[BANK0 ] unsigned char 
 Return value:  Size  Location     Type
		None               void
 Registers used:
		wreg, status,2, status,0, cstack
 Tracked objects:
		On entry : 
		On exit  : 
		Unchanged: 
 Data sizes:     COMRAM   BANK0   BANK1   BANK2   BANK3   BANK4   BANK5   BANK6   BANK7
      Params:         0       0       0       0       0       0       0       0       0
      Locals:         0       1       0       0       0       0       0       0       0
      Temps:          0       0       0       0       0       0       0       0       0
      Totals:         0       1       0       0       0       0       0       0       0
Total ram usage:        1 bytes
 Hardware stack levels used:    1
 Hardware stack levels required when called:    9
 This function calls:
		_lcd_putc
 This function is called by:
		_printf
 This function uses a non-reentrant model


 *************** function _lcd_putc *****************
 Defined at:
		line 151 in file "D:\Dropbox\Micros\2015\TC_2015\18F4550\LCD_ModSauer.c"
 Parameters:    Size  Location     Type
  c               1    wreg     unsigned char 
 Auto vars:     Size  Location     Type
  c               1    4[BANK0 ] unsigned char 
 Return value:  Size  Location     Type
		None               void
 Registers used:
		wreg, status,2, status,0, cstack
 Tracked objects:
		On entry : 
		On exit  : 
		Unchanged: 
 Data sizes:     COMRAM   BANK0   BANK1   BANK2   BANK3   BANK4   BANK5   BANK6   BANK7
      Params:         0       0       0       0       0       0       0       0       0
      Locals:         0       1       0       0       0       0       0       0       0
      Temps:          0       0       0       0       0       0       0       0       0
      Totals:         0       1       0       0       0       0       0       0       0
Total ram usage:        1 bytes
 Hardware stack levels used:    1
 Hardware stack levels required when called:    8
 This function calls:
		_lcd_clear
		_lcd_gotoxy
		_lcd_write
 This function is called by:
		_putch
 This function uses a non-reentrant model


 *************** function _isdigit *****************
 Defined at:
		line 8 in file "C:\Program Files (x86)\Microchip\xc8\v1.34\sources\common\isdigit.c"
 Parameters:    Size  Location     Type
  c               1    wreg     unsigned char 
 Auto vars:     Size  Location     Type
  c               1    2[BANK0 ] unsigned char 
 Return value:  Size  Location     Type
		None               void
 Registers used:
		wreg, status,2, status,0
 Tracked objects:
		On entry : 
		On exit  : 
		Unchanged: 
 Data sizes:     COMRAM   BANK0   BANK1   BANK2   BANK3   BANK4   BANK5   BANK6   BANK7
      Params:         0       0       0       0       0       0       0       0       0
      Locals:         0       2       0       0       0       0       0       0       0
      Temps:          0       1       0       0       0       0       0       0       0
      Totals:         0       3       0       0       0       0       0       0       0
Total ram usage:        3 bytes
 Hardware stack levels used:    1
 Hardware stack levels required when called:    6
 This function calls:
		Nothing
 This function is called by:
		_printf
 This function uses a non-reentrant model


 *************** function _numero_para_ascii *****************
 Defined at:
		line 93 in file "D:\Dropbox\Micros\2015\TC_2015\18F4550\ascii.c"
 Parameters:    Size  Location     Type
  numero          1    wreg     unsigned char 
 Auto vars:     Size  Location     Type
  numero          1   17[BANK0 ] unsigned char 
  temp1           2   18[BANK0 ] int 
  temp2           2   15[BANK0 ] int 
 Return value:  Size  Location     Type
		None               void
 Registers used:
		wreg, status,2, status,0, prodl, prodh, cstack
 Tracked objects:
		On entry : 
		On exit  : 
		Unchanged: 
 Data sizes:     COMRAM   BANK0   BANK1   BANK2   BANK3   BANK4   BANK5   BANK6   BANK7
      Params:         0       0       0       0       0       0       0       0       0
      Locals:         0       5       0       0       0       0       0       0       0
      Temps:          0       1       0       0       0       0       0       0       0
      Totals:         0       6       0       0       0       0       0       0       0
Total ram usage:        6 bytes
 Hardware stack levels used:    1
 Hardware stack levels required when called:    7
 This function calls:
		___awdiv
		___lbdiv
		___wmul
 This function is called by:
		_main
 This function uses a non-reentrant model


 *************** function ___lbdiv *****************
 Defined at:
		line 4 in file "C:\Program Files (x86)\Microchip\xc8\v1.34\sources\common\lbdiv.c"
 Parameters:    Size  Location     Type
  dividend        1    wreg     unsigned char 
  divisor         1    0[BANK0 ] unsigned char 
 Auto vars:     Size  Location     Type
  dividend        1    1[BANK0 ] unsigned char 
  quotient        1    3[BANK0 ] unsigned char 
  counter         1    2[BANK0 ] unsigned char 
 Return value:  Size  Location     Type
                  1    wreg      unsigned char 
 Registers used:
		wreg, status,2, status,0
 Tracked objects:
		On entry : 
		On exit  : 
		Unchanged: 
 Data sizes:     COMRAM   BANK0   BANK1   BANK2   BANK3   BANK4   BANK5   BANK6   BANK7
      Params:         0       1       0       0       0       0       0       0       0
      Locals:         0       3       0       0       0       0       0       0       0
      Temps:          0       0       0       0       0       0       0       0       0
[...]
      Totals:         2       0       0       0       0       0       0       0       0
Total ram usage:        2 bytes
 Hardware stack levels used:    1
 This function calls:
		Nothing
 This function is called by:
		_aux
 This function uses a non-reentrant model


 *************** function i2_printf *****************
 Defined at:
		line 464 in file "C:\Program Files (x86)\Microchip\xc8\v1.34\sources\common\doprnt.c"
 Parameters:    Size  Location     Type
  f               2   12[COMRAM] PTR const unsigned char 
		 -> STR_29(33), STR_28(2), STR_16(18), STR_15(22), 
		 -> STR_14(20), STR_13(15), STR_12(19), STR_11(3), 
		 -> STR_10(17), STR_9(3), STR_8(4), STR_7(5), 
		 -> STR_2(3), STR_1(2), 
 Auto vars:     Size  Location     Type
  printf          4    0        struct .
  printf          2   27[COMRAM] int 
  printf          2   24[COMRAM] unsigned int 
  printf          2   22[COMRAM] unsigned int 
  printf          2   19[COMRAM] PTR const unsigned char 
		 -> STR_42(7), printf@c(1), buffer_teclado_matricial(40), 
  printf          1   29[COMRAM] char 
  printf          1   26[COMRAM] unsigned char 
  printf          1   21[COMRAM] PTR void [1]
		 -> ?i2_printf(2), ?_printf(2), 
  printf          1   18[COMRAM] char 
 Return value:  Size  Location     Type
                  2   12[COMRAM] int 
 Registers used:
		wreg, fsr0l, fsr0h, fsr2l, fsr2h, status,2, status,0, tblptrl, tblptrh, tblptru, prodl, prodh, cstack
 Tracked objects:
		On entry : 
		On exit  : 
		Unchanged: 
 Data sizes:     COMRAM   BANK0   BANK1   BANK2   BANK3   BANK4   BANK5   BANK6   BANK7
      Params:         2       0       0       0       0       0       0       0       0
      Locals:        12       0       0       0       0       0       0       0       0
      Temps:          4       0       0       0       0       0       0       0       0
      Totals:        18       0       0       0       0       0       0       0       0
Total ram usage:       18 bytes
 Hardware stack levels used:    1
 Hardware stack levels required when called:    4
 This function calls:
		i2___lwdiv
		i2___lwmod
		i2___wmul
		i2_isdigit
		i2_putch
 This function is called by:
		_aux
 This function uses a non-reentrant model


 *************** function i2_putch *****************
 Defined at:
		line 244 in file "D:\Dropbox\Micros\2015\TC_2015\18F4550\LCD_ModSauer.c"
 Parameters:    Size  Location     Type
  c               1    wreg     unsigned char 
 Auto vars:     Size  Location     Type
  c               1    5[COMRAM] unsigned char 
 Return value:  Size  Location     Type
		None               void
 Registers used:
		wreg, status,2, status,0, cstack
 Tracked objects:
		On entry : 
		On exit  : 
		Unchanged: 
 Data sizes:     COMRAM   BANK0   BANK1   BANK2   BANK3   BANK4   BANK5   BANK6   BANK7
      Params:         0       0       0       0       0       0       0       0       0
      Locals:         1       0       0       0       0       0       0       0       0
      Temps:          0       0       0       0       0       0       0       0       0
      Totals:         1       0       0       0       0       0       0       0       0
Total ram usage:        1 bytes
 Hardware stack levels used:    1
 Hardware stack levels required when called:    3
 This function calls:
		i2_lcd_putc
 This function is called by:
		i2_printf
 This function uses a non-reentrant model


 *************** function i2_lcd_putc *****************
 Defined at:
		line 151 in file "D:\Dropbox\Micros\2015\TC_2015\18F4550\LCD_ModSauer.c"
 Parameters:    Size  Location     Type
  c               1    wreg     unsigned char 
 Auto vars:     Size  Location     Type
  c               1    4[COMRAM] unsigned char 
 Return value:  Size  Location     Type
		None               void
 Registers used:
		wreg, status,2, status,0, cstack
 Tracked objects:
		On entry : 
		On exit  : 
		Unchanged: 
 Data sizes:     COMRAM   BANK0   BANK1   BANK2   BANK3   BANK4   BANK5   BANK6   BANK7
      Params:         0       0       0       0       0       0       0       0       0
      Locals:         1       0       0       0       0       0       0       0       0
      Temps:          0       0       0       0       0       0       0       0       0
      Totals:         1       0       0       0       0       0       0       0       0
Total ram usage:        1 bytes
 Hardware stack levels used:    1
 Hardware stack levels required when called:    2
 This function calls:
		i2_lcd_clear
		i2_lcd_gotoxy
		i2_lcd_write
 This function is called by:
		i2_putch
 This function uses a non-reentrant model


 *************** function i2_lcd_gotoxy *****************
 Defined at:
		line 218 in file "D:\Dropbox\Micros\2015\TC_2015\18F4550\LCD_ModSauer.c"
 Parameters:    Size  Location     Type
  linha           1    wreg     unsigned char 
  coluna          1    1[COMRAM] unsigned char 
 Auto vars:     Size  Location     Type
  linha           1    3[COMRAM] unsigned char 
 Return value:  Size  Location     Type
		None               void
 Registers used:
		wreg, status,2, status,0, cstack
 Tracked objects:
		On entry : 
		On exit  : 
		Unchanged: 
 Data sizes:     COMRAM   BANK0   BANK1   BANK2   BANK3   BANK4   BANK5   BANK6   BANK7
      Params:         1       0       0       0       0       0       0       0       0
      Locals:         1       0       0       0       0       0       0       0       0
      Temps:          1       0       0       0       0       0       0       0       0
      Totals:         3       0       0       0       0       0       0       0       0
Total ram usage:        3 bytes
 Hardware stack levels used:    1
 Hardware stack levels required when called:    1
 This function calls:
		i2_lcd_write
 This function is called by:
		_aux
		i2_lcd_putc
 This function uses a non-reentrant model


 *************** function i2_lcd_clear *****************
 Defined at:
		line 140 in file "D:\Dropbox\Micros\2015\TC_2015\18F4550\LCD_ModSauer.c"
 Parameters:    Size  Location     Type
		None
 Auto vars:     Size  Location     Type
		None
 Return value:  Size  Location     Type
		None               void
 Registers used:
		wreg, status,2, status,0, cstack
 Tracked objects:
		On entry : 
		On exit  : 
		Unchanged: 
 Data sizes:     COMRAM   BANK0   BANK1   BANK2   BANK3   BANK4   BANK5   BANK6   BANK7
      Params:         0       0       0       0       0       0       0       0       0
      Locals:         0       0       0       0       0       0       0       0       0
      Temps:          1       0       0       0       0       0       0       0       0
      Totals:         1       0       0       0       0       0       0       0       0
Total ram usage:        1 bytes
 Hardware stack levels used:    1
 Hardware stack levels required when called:    1
 This function calls:
		i2_lcd_write
 This function is called by:
		i2_lcd_putc
 This function uses a non-reentrant model


 *************** function i2_lcd_write *****************
 Defined at:
		line 124 in file "D:\Dropbox\Micros\2015\TC_2015\18F4550\LCD_ModSauer.c"
 Parameters:    Size  Location     Type
  c               1    wreg     unsigned char 
 Auto vars:     Size  Location     Type
  c               1    0[COMRAM] unsigned char 
 Return value:  Size  Location     Type
		None               void
 Registers used:
		wreg, status,2, status,0, cstack
 Tracked objects:
		On entry : 
		On exit  : 
		Unchanged: 
 Data sizes:     COMRAM   BANK0   BANK1   BANK2   BANK3   BANK4   BANK5   BANK6   BANK7
      Params:         0       0       0       0       0       0       0       0       0
      Locals:         1       0       0       0       0       0       0       0       0
      Temps:          0       0       0       0       0       0       0       0       0
      Totals:         1       0       0       0       0       0       0       0       0
Total ram usage:        1 bytes
 Hardware stack levels used:    1
 This function calls:
		Nothing
 This function is called by:
		i2_lcd_clear
		i2_lcd_putc
		i2_lcd_gotoxy
 This function uses a non-reentrant model


 *************** function i2_isdigit *****************
 Defined at:
		line 8 in file "C:\Program Files (x86)\Microchip\xc8\v1.34\sources\common\isdigit.c"
 Parameters:    Size  Location     Type
  c               1    wreg     unsigned char 
 Auto vars:     Size  Location     Type
  c               1    2[COMRAM] unsigned char 
 Return value:  Size  Location     Type
		None               void
 Registers used:
		wreg, status,2, status,0
 Tracked objects:
		On entry : 
		On exit  : 
		Unchanged: 
 Data sizes:     COMRAM   BANK0   BANK1   BANK2   BANK3   BANK4   BANK5   BANK6   BANK7
      Params:         0       0       0       0       0       0       0       0       0
      Locals:         2       0       0       0       0       0       0       0       0
      Temps:          1       0       0       0       0       0       0       0       0
      Totals:         3       0       0       0       0       0       0       0       0
Total ram usage:        3 bytes
 Hardware stack levels used:    1
 This function calls:
		Nothing
 This function is called by:
		i2_printf
 This function uses a non-reentrant model


 *************** function i2___wmul *****************
 Defined at:
		line 15 in file "C:\Program Files (x86)\Microchip\xc8\v1.34\sources\common\Umul16.c"
 Parameters:    Size  Location     Type
  multiplier      2    0[COMRAM] unsigned int 
  multiplicand    2    2[COMRAM] unsigned int 
 Auto vars:     Size  Location     Type
  __wmul          2    4[COMRAM] unsigned int 
 Return value:  Size  Location     Type
                  2    0[COMRAM] unsigned int 
 Registers used:
		wreg, status,2, status,0, prodl, prodh
 Tracked objects:
		On entry : 
		On exit  : 
		Unchanged: 
 Data sizes:     COMRAM   BANK0   BANK1   BANK2   BANK3   BANK4   BANK5   BANK6   BANK7
      Params:         4       0       0       0       0       0       0       0       0
      Locals:         2       0       0       0       0       0       0       0       0
      Temps:          0       0       0       0       0       0       0       0       0
      Totals:         6       0       0       0       0       0       0       0       0
Total ram usage:        6 bytes
 Hardware stack levels used:    1
 This function calls:
		Nothing
 This function is called by:
		i2_printf
 This function uses a non-reentrant model


 *************** function i2___lwmod *****************
 Defined at:
		line 8 in file "C:\Program Files (x86)\Microchip\xc8\v1.34\sources\common\lwmod.c"
 Parameters:    Size  Location     Type
  dividend        2    7[COMRAM] unsigned int 
  divisor         2    9[COMRAM] unsigned int 
 Auto vars:     Size  Location     Type
  __lwmod         1   11[COMRAM] unsigned char 
 Return value:  Size  Location     Type
                  2    7[COMRAM] unsigned int 
 Registers used:
		wreg, status,2, status,0
 Tracked objects:
		On entry : 
		On exit  : 
		Unchanged: 
 Data sizes:     COMRAM   BANK0   BANK1   BANK2   BANK3   BANK4   BANK5   BANK6   BANK7
      Params:         4       0       0       0       0       0       0       0       0
      Locals:         1       0       0       0       0       0       0       0       0
      Temps:          0       0       0       0       0       0       0       0       0
      Totals:         5       0       0       0       0       0       0       0       0
Total ram usage:        5 bytes
 Hardware stack levels used:    1
 This function calls:
		Nothing
 This function is called by:
		i2_printf
 This function uses a non-reentrant model


 *************** function i2___lwdiv *****************
 Defined at:
		line 8 in file "C:\Program Files (x86)\Microchip\xc8\v1.34\sources\common\lwdiv.c"
 Parameters:    Size  Location     Type
  dividend        2    0[COMRAM] unsigned int 
  divisor         2    2[COMRAM] unsigned int 
 Auto vars:     Size  Location     Type
  __lwdiv         2    4[COMRAM] unsigned int 
  __lwdiv         1    6[COMRAM] unsigned char 
 Return value:  Size  Location     Type
                  2    0[COMRAM] unsigned int 
 Registers used:
		wreg, status,2, status,0
 Tracked objects:
		On entry : 
		On exit  : 
		Unchanged: 
 Data sizes:     COMRAM   BANK0   BANK1   BANK2   BANK3   BANK4   BANK5   BANK6   BANK7
      Params:         4       0       0       0       0       0       0       0       0
      Locals:         3       0       0       0       0       0       0       0       0
      Temps:          0       0       0       0       0       0       0       0       0
      Totals:         7       0       0       0       0       0       0       0       0
Total ram usage:        7 bytes
 Hardware stack levels used:    1
 This function calls:
		Nothing
 This function is called by:
		i2_printf
 This function uses a non-reentrant model


 *************** function _teclado_matricial *****************
 Defined at:
		line 19 in file "D:\Dropbox\Micros\2015\TC_2015\18F4550\ascii.c"
 Parameters:    Size  Location     Type
  coluna          1    wreg     unsigned char 
  linha           1    0[COMRAM] unsigned char 
 Auto vars:     Size  Location     Type
  coluna          1    1[COMRAM] unsigned char 
  caractere       1    3[COMRAM] unsigned char 
  temp            1    2[COMRAM] unsigned char 
 Return value:  Size  Location     Type
                  1    wreg      unsigned char 
 Registers used:
		wreg, status,2, status,0, prodl, prodh
 Tracked objects:
		On entry : 
		On exit  : 
		Unchanged: 
 Data sizes:     COMRAM   BANK0   BANK1   BANK2   BANK3   BANK4   BANK5   BANK6   BANK7
      Params:         1       0       0       0       0       0       0       0       0
      Locals:         3       0       0       0       0       0       0       0       0
      Temps:          0       0       0       0       0       0       0       0       0
      Totals:         4       0       0       0       0       0       0       0       0
Total ram usage:        4 bytes
 Hardware stack levels used:    1
 This function calls:
		Nothing
 This function is called by:
		_aux
 This function uses a non-reentrant model



MODULE INFORMATION

Module		Function		Class		Link	Load	Size
C:\Program Files (x86)\Microchip\xc8\v1.34\sources\common\lbdiv.c
		___lbdiv       		CODE           	6160	0000	53

C:\Program Files (x86)\Microchip\xc8\v1.34\sources\common\lbdiv.c estimated size: 53

C:\Program Files (x86)\Microchip\xc8\v1.34\sources\pic18\plib\EEP\read_B.c
		_Read_b_eep    		CODE           	5F4E	0000	19

C:\Program Files (x86)\Microchip\xc8\v1.34\sources\pic18\plib\EEP\read_B.c estimated size: 19

C:\Program Files (x86)\Microchip\xc8\v1.34\sources\common\lwmod.c
		___lwmod       		CODE           	61D2	0000	63

C:\Program Files (x86)\Microchip\xc8\v1.34\sources\common\lwmod.c estimated size: 63

C:\Program Files (x86)\Microchip\xc8\v1.34\sources\common\awmod.c
		___awmod       		CODE           	649A	0000	105

C:\Program Files (x86)\Microchip\xc8\v1.34\sources\common\awmod.c estimated size: 105

C:\Program Files (x86)\Microchip\xc8\v1.34\sources\pic18\plib\EEP\busy_eep.c
		_Busy_eep      		CODE           	5EFE	0000	7

C:\Program Files (x86)\Microchip\xc8\v1.34\sources\pic18\plib\EEP\busy_eep.c estimated size: 7

D:\Dropbox\Micros\2015\TC_2015\18F4550\LCD_ModSauer.c
		_limpar_linha  		CODE           	6036	0000	37
		_lcd_putc      		CODE           	6502	0000	105
		_putch         		CODE           	5F0C	0000	11
		_escrever_simbo		CODE           	65D8	0000	111
		_lcd_clear     		CODE           	5F7A	0000	27
		_lcd_gotoxy    		CODE           	62A4	0000	75
		_lcd_write     		CODE           	6012	0000	37
		_lcd_init      		CODE           	6906	0000	169

D:\Dropbox\Micros\2015\TC_2015\18F4550\LCD_ModSauer.c estimated size: 572

C:\Program Files (x86)\Microchip\xc8\v1.34\sources\common\isdigit.c
		_isdigit       		CODE           	5FB0	0000	29

C:\Program Files (x86)\Microchip\xc8\v1.34\sources\common\isdigit.c estimated size: 29

D:\Dropbox\Micros\2015\TC_2015\18F4550\main.c
		_zerar_string  		CODE           	5FCC	0000	35
		_main          		CODE           	73B4	0000	2613
		_aux           		CODE           	1008	0000	663

D:\Dropbox\Micros\2015\TC_2015\18F4550\main.c estimated size: 3311

shared
		PL12           		CODE           	7E22	0000	31
		PL8            		CODE           	68E2	0000	37
		i2_printf      		CODE           	6E22	0000	659
		PL22           		CODE           	70D4	0000	19
		PL32           		CODE           	73A6	0000	15
		PL14           		CODE           	70C6	0000	15
		PL24           		CODE           	7E68	0000	19
		i2_putch       		CODE           	5F04	0000	9
		PL34           		CODE           	60EE	0000	15
		PL16           		CODE           	7398	0000	15
		PL26           		CODE           	7E7A	0000	15
		PL36           		CODE           	7E88	0000	15
		_dpowers       		MEDIUMCONST    	7E97	0000	11
		PL18           		CODE           	7E40	0000	21
		i2___lwdiv     		CODE           	6210	0000	75
		PL28           		CODE           	6A7E	0000	17
		i2_isdigit     		CODE           	5F94	0000	29
		i2___wmul      		CODE           	605A	0000	39
		i2___lwmod     		CODE           	6194	0000	63
		i2_resetar_time		CODE           	5F24	0000	15
		__initializatio		CODE           	6438	0000	89
		i2_lcd_write   		CODE           	60D0	0000	31
		i2_lcd_gotoxy  		CODE           	62EE	0000	79
		i2_lcd_putc    		CODE           	656A	0000	111
		PL2            		CODE           	7DE8	0000	25
		i2_lcd_clear   		CODE           	5F60	0000	27
		PL10           		CODE           	7E00	0000	35
		PL4            		CODE           	68CC	0000	23
		PL20           		CODE           	7E54	0000	21
		PL30           		CODE           	67BA	0000	17
		PL6            		CODE           	70B4	0000	19

shared estimated size: 1611

C:\Program Files (x86)\Microchip\xc8\v1.34\sources\common\lwdiv.c
		___lwdiv       		CODE           	625A	0000	75

C:\Program Files (x86)\Microchip\xc8\v1.34\sources\common\lwdiv.c estimated size: 75

C:\Program Files (x86)\Microchip\xc8\v1.34\sources\common\awdiv.c
		___awdiv       		CODE           	6646	0000	121

C:\Program Files (x86)\Microchip\xc8\v1.34\sources\common\awdiv.c estimated size: 121

D:\Dropbox\Micros\2015\TC_2015\18F4550\eeprom_interna.c
		_verificar_num_		CODE           	633C	0000	81
		_eeprom_config_		CODE           	6742	0000	121
		_carregar_senha		CODE           	6862	0000	107

D:\Dropbox\Micros\2015\TC_2015\18F4550\eeprom_interna.c estimated size: 309

D:\Dropbox\Micros\2015\TC_2015\18F4550\time.c
		_resetar_timer1		CODE           	5F40	0000	15
		_configurar_dat		CODE           	5FEE	0000	37
		_delay_ms      		CODE           	60A6	0000	43
		_dia_da_semana 		CODE           	69AE	0000	209

D:\Dropbox\Micros\2015\TC_2015\18F4550\time.c estimated size: 304

C:\Program Files (x86)\Microchip\xc8\v1.34\sources\common\doprnt.c
		_printf        		CODE           	70E6	0000	691

C:\Program Files (x86)\Microchip\xc8\v1.34\sources\common\doprnt.c estimated size: 691

D:\Dropbox\Micros\2015\TC_2015\18F4550\serial.c
		_config_serial 		CODE           	638C	0000	87
		_enviar_comando		CODE           	6A8E	0000	271
		_enviar_caracte		CODE           	5F32	0000	15
		_enviar_string_		CODE           	63E2	0000	87

D:\Dropbox\Micros\2015\TC_2015\18F4550\serial.c estimated size: 460

C:\Program Files (x86)\Microchip\xc8\v1.34\sources\common\Umul16.c
		___wmul        		CODE           	6080	0000	39

C:\Program Files (x86)\Microchip\xc8\v1.34\sources\common\Umul16.c estimated size: 39

C:\Program Files (x86)\Microchip\xc8\v1.34\sources\pic18\plib\EEP\write_B.c
		_Write_b_eep   		CODE           	612C	0000	53

C:\Program Files (x86)\Microchip\xc8\v1.34\sources\pic18\plib\EEP\write_B.c estimated size: 53

D:\Dropbox\Micros\2015\TC_2015\18F4550\ascii.c
		_ascii_para_num		CODE           	60FC	0000	49
		_numero_para_as		CODE           	66BE	0000	133
		_teclado_matric		CODE           	67CA	0000	153

D:\Dropbox\Micros\2015\TC_2015\18F4550\ascii.c estimated size: 335

