Microchip MPLAB XC8 Compiler V1.34 ()

Linker command line:

--edf=C:\Program Files (x86)\Microchip\xc8\v1.34\dat\en_msgs.txt -cs \
  -h+tc2015.sym --cmf=tc2015.cmf -z -Q18F4550 \
  -oC:\Users\Nelarus\AppData\Local\Temp\s4tc.6 -Mtc2015.map -E1 -ver=XC8 \
  -ASTACK=0260h-07ffh -pstack=STACK \
  -ACODE=01000h-01005h,01008h-01015h,01018h-07FFFh \
  -ACONST=01000h-01005h,01008h-01015h,01018h-07FFFh \
  -ASMALLCONST=01000h-01005h,01008h-01015h,01018h-010FFh,01100h-011FFhx111 \
  -AMEDIUMCONST=01000h-01005h,01008h-01015h,01018h-07FFFh -ACOMRAM=01h-05Fh \
  -AABS1=00h-07FFh -ABIGRAM=01h-07FFh -ARAM=060h-0FFh,0100h-01FFhx7 \
  -ABANK0=060h-0FFh -ABANK1=0100h-01FFh -ABANK2=0200h-02FFh \
  -ABANK3=0300h-03FFh -ABANK4=0400h-04FFh -ABANK5=0500h-05FFh \
  -ABANK6=0600h-06FFh -ABANK7=0700h-07FFh -ASFR=0F60h-0FFFh \
  -preset_vec=01000h,intcode=01008h,intcodelo,powerup,init,end_init \
  -pramtop=0800h -psmallconst=SMALLCONST -pmediumconst=MEDIUMCONST \
  -pconst=CONST -AFARRAM=00h-00h -ACONFIG=0300000h-030000Dh -pconfig=CONFIG \
  -AIDLOC=0200000h-0200007h -pidloc=IDLOC -AEEDATA=0F00000h-0F000FFh \
  -peeprom_data=EEDATA \
  -prdata=COMRAM,nvrram=COMRAM,nvbit=COMRAM,rbss=COMRAM,rbit=COMRAM \
  -pfarbss=FARRAM,fardata=FARRAM,nvFARRAM=FARRAM \
  -pintsave_regs=BIGRAM,bigbss=BIGRAM,bigdata=BIGRAM -pbss=RAM \
  -pidata=CODE,irdata=CODE,ibigdata=CODE,ifardata=CODE -prparam=COMRAM \
  C:\Users\Nelarus\AppData\Local\Temp\s4tc.obj tc2015.obj 

Object code version is 3.11

Machine type is 18F4550

Call graph: (short form)




                Name                               Link     Load   Length Selector   Space Scale
C:\Users\Nelarus\AppData\Local\Temp\s4tc.obj
                end_init                           1018     1018        4      804       0
                reset_vec                          1000     1000        4      800       0
                config                           300000   300000        E   300000       0
tc2015.obj      intcode                            1008     1008       10      804       0
                smallconst                         101C     101C       C4      80E       0
                text44                             6B64     6B64       98     35B2       0
                text43                             65B8     65B8       4A     32DC       0
                text42                             653C     653C       3E     329E       0
                text41                             6408     6408       26     3204       0
                text40                             6324     6324       1C     3192       0
                text39                             64A8     64A8       2C     3254       0
                text38                             62F0     62F0       1A     3178       0
                text37                             6602     6602       4A     3301       0
                text36                             6736     6736       68     339B       0
                text35                             6296     6296        8     314B       0
                text34                             6FE8     6FE8      2D8     37F4       0
                text33                             62B4     62B4        E     315A       0
                intcode_body                       6D92     6D92      256     36C9       0
                text31                             679E     679E       68     33CF       0
                text30                             635C     635C       20     31AE       0
                text29                             62DE     62DE       12     316F       0
                text28                             6AD0     6AD0       94     3568       0
                text27                             637C     637C       22     31BE       0
                text26                             6454     6454       2A     322A       0
                text25                             664C     664C       4A     3326       0
                text24                             657A     657A       3E     32BD       0
                text23                             642E     642E       26     3217       0
                text22                             6CA4     6CA4       EE     3652       0
                text21                             6290     6290        6     3148       0
                text20                             64D4     64D4       34     326A       0
                text19                             6A48     6A48       88     3524       0
                text18                             62C2     62C2        E     3161       0
                text17                             66E0     66E0       56     3370       0
                text16                             63C0     63C0       24     31E0       0
                text15                             686E     686E       6E     3437       0
                text14                             630A     630A       1A     3185       0
                text13                             6BFC     6BFC       A8     35FE       0
                text12                             6696     6696       4A     334B       0
                text11                             63E4     63E4       24     31F2       0
                text10                             6950     6950       78     34A8       0
                text9                              6508     6508       34     3284       0
                text8                              69C8     69C8       80     34E4       0
                text7                              6340     6340       1C     31A0       0
                text6                              6806     6806       68     3403       0
                text5                              629E     629E        A     314F       0
                text4                              72C0     72C0      2EA     3960       0
                text3                              62D0     62D0        E     3168       0
                text2                              647E     647E       2A     323F       0
                text1                              639E     639E       22     31CF       0
                text0                              75AA     75AA      A56     3AD5       0
                cstackCOMRAM                          1        1       2C        1       1
                cstackBANK0                          60       60       4F       60       1
                bssBIGRAM                           150      150      110      150       1
                bssBANK1                            100      100       50      100       1
                dataBANK0                            EC       EC        C       60       1
                bssBANK0                             AF       AF       3D       60       1
                dataCOMRAM                           3F       3F        1        1       1
                bssCOMRAM                            2D       2D       12        1       1
                cinit                              68DC     68DC       74     346E       0
                idataBANK0                         62A8     62A8        C     62A8       0
                idataCOMRAM                        1004     1004        1      800       0

TOTAL           Name                               Link     Load   Length     Space
        CLASS   STACK          

        CLASS   CODE           
                end_init                           1018     1018        4         0
                intcode                            1008     1008       10         0
                reset_vec                          1000     1000        4         0
                text44                             6B64     6B64       98         0
                text43                             65B8     65B8       4A         0
                text42                             653C     653C       3E         0
                text41                             6408     6408       26         0
                text40                             6324     6324       1C         0
                text39                             64A8     64A8       2C         0
                text38                             62F0     62F0       1A         0
                text37                             6602     6602       4A         0
                text36                             6736     6736       68         0
                text35                             6296     6296        8         0
                text34                             6FE8     6FE8      2D8         0
                text33                             62B4     62B4        E         0
                intcode_body                       6D92     6D92      256         0
                text31                             679E     679E       68         0
                text30                             635C     635C       20         0
                text29                             62DE     62DE       12         0
                text28                             6AD0     6AD0       94         0
                text27                             637C     637C       22         0
                text26                             6454     6454       2A         0
                text25                             664C     664C       4A         0
                text24                             657A     657A       3E         0
                text23                             642E     642E       26         0
                text22                             6CA4     6CA4       EE         0
                text21                             6290     6290        6         0
                text20                             64D4     64D4       34         0
                text19                             6A48     6A48       88         0
                text18                             62C2     62C2        E         0
                text17                             66E0     66E0       56         0
                text16                             63C0     63C0       24         0
                text15                             686E     686E       6E         0
                text14                             630A     630A       1A         0
                text13                             6BFC     6BFC       A8         0
                text12                             6696     6696       4A         0
                text11                             63E4     63E4       24         0
                text10                             6950     6950       78         0
                text9                              6508     6508       34         0
                text8                              69C8     69C8       80         0
                text7                              6340     6340       1C         0
                text6                              6806     6806       68         0
                text5                              629E     629E        A         0
                text4                              72C0     72C0      2EA         0
                text3                              62D0     62D0        E         0
                text2                              647E     647E       2A         0
                text1                              639E     639E       22         0
                text0                              75AA     75AA      A56         0
                cinit                              68DC     68DC       74         0
                idataBANK0                         62A8     62A8        C         0
                idataCOMRAM                        1004     1004        1         0

        CLASS   CONST          

        CLASS   SMALLCONST     
                smallconst                         101C     101C       C4         0

        CLASS   MEDIUMCONST    

        CLASS   COMRAM         
                cstackCOMRAM                          1        1       2C         1
                dataCOMRAM                           3F       3F        1         1
                bssCOMRAM                            2D       2D       12         1

        CLASS   ABS1           

        CLASS   BIGRAM         
                bssBIGRAM                           150      150      110         1

        CLASS   RAM            

        CLASS   BANK0          
                cstackBANK0                          60       60       4F         1
                dataBANK0                            EC       EC        C         1
                bssBANK0                             AF       AF       3D         1

        CLASS   BANK1          
                bssBANK1                            100      100       50         1

        CLASS   BANK2          

        CLASS   BANK3          

        CLASS   BANK4          

        CLASS   BANK5          

        CLASS   BANK6          

        CLASS   BANK7          

        CLASS   SFR            

        CLASS   FARRAM         

        CLASS   CONFIG         
                config                           300000   300000        E         0

        CLASS   IDLOC          

        CLASS   EEDATA         



SEGMENTS        Name                           Load    Length   Top    Selector   Space  Class

                cstackCOMRAM                   000001  00003F  000040         1       1  COMRAM  
                cstackBANK0                    000060  000098  0000F8        60       1  BANK0   
                bssBANK1                       000100  000050  000150       100       1  BANK1   
                bssBIGRAM                      000150  000110  000260       150       1  BIGRAM  
                reset_vec                      001000  000005  001005       800       0  CODE    
                intcode                        001008  000014  00101C       804       0  CODE    
                smallconst                     00101C  0000C4  0010E0       80E       0  SMALLCON
                text21                         006290  000006  006296      3148       0  CODE    
                text35                         006296  000008  00629E      314B       0  CODE    
                text5                          00629E  00000A  0062A8      314F       0  CODE    
                idataBANK0                     0062A8  00000C  0062B4      62A8       0  CODE    
                text33                         0062B4  00000E  0062C2      315A       0  CODE    
                text18                         0062C2  00000E  0062D0      3161       0  CODE    
                text3                          0062D0  00000E  0062DE      3168       0  CODE    
                text29                         0062DE  000012  0062F0      316F       0  CODE    
                text38                         0062F0  00001A  00630A      3178       0  CODE    
                text14                         00630A  00001A  006324      3185       0  CODE    
                text40                         006324  00001C  006340      3192       0  CODE    
                text7                          006340  00001C  00635C      31A0       0  CODE    
                text30                         00635C  000020  00637C      31AE       0  CODE    
                text27                         00637C  000022  00639E      31BE       0  CODE    
                text1                          00639E  000022  0063C0      31CF       0  CODE    
                text16                         0063C0  000024  0063E4      31E0       0  CODE    
                text11                         0063E4  000024  006408      31F2       0  CODE    
                text41                         006408  000026  00642E      3204       0  CODE    
                text23                         00642E  000026  006454      3217       0  CODE    
                text26                         006454  00002A  00647E      322A       0  CODE    
                text2                          00647E  00002A  0064A8      323F       0  CODE    
                text39                         0064A8  00002C  0064D4      3254       0  CODE    
                text20                         0064D4  000034  006508      326A       0  CODE    
                text9                          006508  000034  00653C      3284       0  CODE    
                text42                         00653C  00003E  00657A      329E       0  CODE    
                text24                         00657A  00003E  0065B8      32BD       0  CODE    
                text43                         0065B8  00004A  006602      32DC       0  CODE    
                text37                         006602  00004A  00664C      3301       0  CODE    
                text25                         00664C  00004A  006696      3326       0  CODE    
                text12                         006696  00004A  0066E0      334B       0  CODE    
                text17                         0066E0  000056  006736      3370       0  CODE    
                text36                         006736  000068  00679E      339B       0  CODE    
                text31                         00679E  000068  006806      33CF       0  CODE    
                text6                          006806  000068  00686E      3403       0  CODE    
                text15                         00686E  00006E  0068DC      3437       0  CODE    
                cinit                          0068DC  000074  006950      346E       0  CODE    
                text10                         006950  000078  0069C8      34A8       0  CODE    
                text8                          0069C8  000080  006A48      34E4       0  CODE    
                text19                         006A48  000088  006AD0      3524       0  CODE    
                text28                         006AD0  000094  006B64      3568       0  CODE    
                text44                         006B64  000098  006BFC      35B2       0  CODE    
                text13                         006BFC  0000A8  006CA4      35FE       0  CODE    
                text22                         006CA4  0000EE  006D92      3652       0  CODE    
                intcode_body                   006D92  000256  006FE8      36C9       0  CODE    
                text34                         006FE8  0002D8  0072C0      37F4       0  CODE    
                text4                          0072C0  0002EA  0075AA      3960       0  CODE    
                text0                          0075AA  000A56  008000      3AD5       0  CODE    
                config                         300000  00000E  30000E    300000       0  CONFIG  


UNUSED ADDRESS RANGES

        Name                Unused          Largest block    Delta
        BANK0            0000F8-0000FF                8
        BANK2            000260-0002FF               A0
        BANK3            000300-0003FF              100
        BANK4            000400-0004FF              100
        BANK5            000500-0005FF              100
        BANK6            000600-0006FF              100
        BANK7            000700-0007FF              100
        BIGRAM           000040-00005F               20
                         0000F8-0000FF                8
                         000260-0007FF              5A0
        CODE             001005-001005                1
                         0010E0-00628F             51B0
        COMRAM           000040-00005F               20
        CONST            001005-001005                1
                         0010E0-00628F             51B0
        EEDATA           F00000-F000FF              100
        FARRAM           000000-000000                1
        IDLOC            200000-200007                8
        MEDIUMCONST      001005-001005                1
                         0010E0-00628F             51B0
        RAM              0000F8-0000FF                8
                         000260-0007FF              100
        SFR              000F60-000FFF               A0
        SMALLCONST       001005-001005                1
                         0010E0-00628F              100
        STACK            000260-0007FF              5A0

                                  Symbol Table

?___awdiv                                cstackBANK0  000066
?___awmod                                cstackBANK0  000060
?___lwdiv                                cstackBANK0  000060
?___lwmod                                cstackBANK0  000067
?___wmul                                 cstackBANK0  000060
?_printf                                 cstackBANK0  00006C
?i2___lwdiv                              cstackCOMRAM 000001
?i2___lwmod                              cstackCOMRAM 000008
?i2___wmul                               cstackCOMRAM 000001
?i2_printf                               cstackCOMRAM 000001
PL10                                     text28       006B40
PL12                                     text34       007290
PL14                                     text34       00729A
PL16                                     text4        007584
PL18                                     text4        00759C
PL2                                      text0        007F62
PL20                                     text0        007F9C
PL22                                     text34       0072B2
PL24                                     text0        007FB2
PL26                                     text22       006D82
PL28                                     text19       006AC0
PL30                                     text0        007FC6
PL32                                     text0        007FD6
PL34                                     text0        007FE4
PL36                                     text0        007FF2
PL38                                     text39       0064C6
PL4                                      text0        007F70
PL6                                      text0        007F88
PL8                                      text28       006B2A
Read_b_eep@badd                          cstackBANK0  000060
Write_b_eep@GIE_BIT_VAL                  cstackBANK0  000063
Write_b_eep@badd                         cstackBANK0  000060
Write_b_eep@bdat                         cstackBANK0  000062
_ADCON1                                  (abs)        000FC1
_BRG16                                   (abs)        007DC3
_BRGH                                    (abs)        007D62
_Busy_eep                                text21       006290
_CMCON                                   (abs)        000FB4
_CREN                                    (abs)        007D5C
_EEADR                                   (abs)        000FA9
_EECON1bits                              (abs)        000FA6
_EECON2                                  (abs)        000FA7
_EEDATA                                  (abs)        000FA8
_FERR                                    (abs)        007D5A
_FLAGS_1                                 bssBANK0     0000B1
_FLAGS_2                                 bssCOMRAM    00002D
_FLAGS_3                                 bssCOMRAM    00002E
_INTCON                                  (abs)        000FF2
_INTCON2                                 (abs)        000FF1
_INTCONbits                              (abs)        000FF2
_LATA                                    (abs)        000F89
_LATB                                    (abs)        000F8A
_LATCbits                                (abs)        000F8B
_LATD                                    (abs)        000F8C
_LATDbits                                (abs)        000F8C
_LATEbits                                (abs)        000F8D
_Linha_3                                 bssCOMRAM    00002F
_Linha_4                                 bssCOMRAM    000030
_OERR                                    (abs)        007D59
_OSCCON                                  (abs)        000FD3
_PIE1                                    (abs)        000F9D
_PORTB                                   (abs)        000F81
_PORTB_SR                                bssCOMRAM    000031
_PORTBbits                               (abs)        000F81
_PORTD                                   (abs)        000F83
_PORTDbits                               (abs)        000F83
_PORTE                                   (abs)        000F84
_PORTEbits                               (abs)        000F84
_RBIE                                    (abs)        007F93
_RBIF                                    (abs)        007F90
_RCIE                                    (abs)        007CED
_RCIF                                    (abs)        007CF5
_RCONbits                                (abs)        000FD0
_RCREG                                   (abs)        000FAE
_RX9                                     (abs)        007D5E
_Read_b_eep                              text29       0062DE
_SPBRG                                   (abs)        000FAF
_SPEN                                    (abs)        007D5F
_SYNC                                    (abs)        007D64
_T0CON                                   (abs)        000FD5
_T1CON                                   (abs)        000FCD
_TMR0H                                   (abs)        000FD7
_TMR0IE                                  (abs)        007F95
_TMR0IF                                  (abs)        007F92
_TMR0L                                   (abs)        000FD6
_TMR1H                                   (abs)        000FCF
_TMR1IE                                  (abs)        007CE8
_TMR1IF                                  (abs)        007CF0
_TMR1L                                   (abs)        000FCE
_TMR1ON                                  (abs)        007E68
_TRISA                                   (abs)        000F92
_TRISB                                   (abs)        000F93
_TRISC                                   (abs)        000F94
_TRISD                                   (abs)        000F95
_TRISE                                   (abs)        000F96
_TRMT                                    (abs)        007D61
_TX9                                     (abs)        007D66
_TXCKP                                   (abs)        007DC4
_TXEN                                    (abs)        007D65
_TXIE                                    (abs)        007CEC
_TXREG                                   (abs)        000FAD
_WR                                      (abs)        007D31
_Write_b_eep                             text20       0064D4
__CFG_BOR$OFF                            (abs)        000000
__CFG_CCP2MX$OFF                         (abs)        000000
__CFG_CP0$OFF                            (abs)        000000
__CFG_CP1$OFF                            (abs)        000000
__CFG_CP2$OFF                            (abs)        000000
__CFG_CP3$OFF                            (abs)        000000
__CFG_CPB$OFF                            (abs)        000000
__CFG_CPD$OFF                            (abs)        000000
__CFG_CPUDIV$OSC4_PLL6                   (abs)        000000
__CFG_EBTR0$OFF                          (abs)        000000
__CFG_EBTR1$OFF                          (abs)        000000
__CFG_EBTR2$OFF                          (abs)        000000
__CFG_EBTR3$OFF                          (abs)        000000
__CFG_EBTRB$OFF                          (abs)        000000
__CFG_FCMEN$OFF                          (abs)        000000
__CFG_FOSC$XTPLL_XT                      (abs)        000000
__CFG_IESO$OFF                           (abs)        000000
__CFG_LPT1OSC$OFF                        (abs)        000000
__CFG_LVP$OFF                            (abs)        000000
__CFG_MCLRE$ON                           (abs)        000000
__CFG_PBADEN$OFF                         (abs)        000000
__CFG_PLLDIV$1                           (abs)        000000
__CFG_PWRT$ON                            (abs)        000000
__CFG_STVREN$ON                          (abs)        000000
__CFG_USBDIV$1                           (abs)        000000
__CFG_VREGEN$ON                          (abs)        000000
__CFG_WDT$OFF                            (abs)        000000
__CFG_WRT0$OFF                           (abs)        000000
__CFG_WRT1$OFF                           (abs)        000000
__CFG_WRT2$OFF                           (abs)        000000
__CFG_WRT3$OFF                           (abs)        000000
__CFG_WRTB$OFF                           (abs)        000000
__CFG_WRTC$OFF                           (abs)        000000
__CFG_WRTD$OFF                           (abs)        000000
__CFG_XINST$OFF                          (abs)        000000
__HRAM                                   (abs)        000000
__Habs1                                  abs1         000000
__Hbank0                                 bank0        000000
__Hbank1                                 bank1        000000
__Hbank2                                 bank2        000000
__Hbank3                                 bank3        000000
__Hbank4                                 bank4        000000
__Hbank5                                 bank5        000000
__Hbank6                                 bank6        000000
__Hbank7                                 bank7        000000
__Hbigbss                                bigbss       000000
__Hbigdata                               bigdata      000000
__Hbigram                                bigram       000000
__Hbss                                   bss          000000
__HbssBANK0                              bssBANK0     000000
__HbssBANK1                              bssBANK1     000000
__HbssBIGRAM                             bssBIGRAM    000000
__HbssCOMRAM                             bssCOMRAM    000000
__Hcinit                                 cinit        000000
__Hclrtext                               clrtext      000000
__Hcomram                                comram       000000
__Hconfig                                config       30000E
__Hconst                                 const        000000
__HcstackBANK0                           cstackBANK0  000000
__HcstackCOMRAM                          cstackCOMRAM 000000
__Hdata                                  data         000000
__HdataBANK0                             dataBANK0    000000
__HdataCOMRAM                            dataCOMRAM   000000
__Heeprom_data                           eeprom_data  000000
__Hend_init                              end_init     00101C
__Hfarbss                                farbss       000000
__Hfardata                               fardata      000000
__Hibigdata                              ibigdata     000000
__Hidata                                 idata        000000
__HidataBANK0                            idataBANK0   000000
__HidataCOMRAM                           idataCOMRAM  000000
__Hidloc                                 idloc        000000
__Hifardata                              ifardata     000000
__Hinit                                  init         001018
__Hintcode                               intcode      001018
__Hintcode_body                          intcode_body 000000
__Hintcodelo                             intcodelo    001018
__Hintentry                              intentry     000000
__Hintret                                intret       000000
__Hintsave_regs                          intsave_regs 000000
__Hirdata                                irdata       000000
__Hmediumconst                           mediumconst  000000
__HnvFARRAM                              nvFARRAM     000000
__Hnvbit                                 nvbit        000000
__Hnvrram                                nvrram       000000
__Hpa_nodes                              pa_nodes     000000
__Hparam                                 rparam       000000
__Hpowerup                               powerup      001018
__Hram                                   ram          000000
__Hramtop                                ramtop       000800
__Hrbit                                  rbit         000000
__Hrbss                                  rbss         000000
__Hrdata                                 rdata        000000
__Hreset_vec                             reset_vec    001004
__Hrparam                                rparam       000000
__Hsfr                                   sfr          000000
__Hsmallconst                            smallconst   0010E0
__Hspace_0                               (abs)        30000E
__Hspace_1                               (abs)        000260
__Hspace_2                               (abs)        000000
__Hstack                                 stack        000000
__Hstruct                                struct       000000
__Htemp                                  temp         000000
__Htext                                  text         000000
__Htext0                                 text0        000000
__Htext1                                 text1        000000
__Htext10                                text10       000000
__Htext11                                text11       000000
__Htext12                                text12       000000
__Htext13                                text13       000000
__Htext14                                text14       000000
__Htext15                                text15       000000
__Htext16                                text16       000000
__Htext17                                text17       000000
__Htext18                                text18       000000
__Htext19                                text19       000000
__Htext2                                 text2        000000
__Htext20                                text20       000000
__Htext21                                text21       000000
__Htext22                                text22       000000
__Htext23                                text23       000000
__Htext24                                text24       000000
__Htext25                                text25       000000
__Htext26                                text26       000000
__Htext27                                text27       000000
__Htext28                                text28       000000
__Htext29                                text29       000000
__Htext3                                 text3        000000
__Htext30                                text30       000000
__Htext31                                text31       000000
__Htext33                                text33       000000
__Htext34                                text34       000000
__Htext35                                text35       000000
__Htext36                                text36       000000
__Htext37                                text37       000000
__Htext38                                text38       000000
__Htext39                                text39       000000
__Htext4                                 text4        000000
__Htext40                                text40       000000
__Htext41                                text41       000000
__Htext42                                text42       000000
__Htext43                                text43       000000
__Htext44                                text44       000000
__Htext5                                 text5        000000
__Htext6                                 text6        000000
__Htext7                                 text7        000000
__Htext8                                 text8        000000
__Htext9                                 text9        000000
__LRAM                                   (abs)        000001
__Labs1                                  abs1         000000
__Lbank0                                 bank0        000000
__Lbank1                                 bank1        000000
__Lbank2                                 bank2        000000
__Lbank3                                 bank3        000000
__Lbank4                                 bank4        000000
__Lbank5                                 bank5        000000
__Lbank6                                 bank6        000000
__Lbank7                                 bank7        000000
__Lbigbss                                bigbss       000000
__Lbigdata                               bigdata      000000
__Lbigram                                bigram       000000
__Lbss                                   bss          000000
__LbssBANK0                              bssBANK0     000000
__LbssBANK1                              bssBANK1     000000
__LbssBIGRAM                             bssBIGRAM    000000
__LbssCOMRAM                             bssCOMRAM    000000
__Lcinit                                 cinit        000000
__Lclrtext                               clrtext      000000
__Lcomram                                comram       000000
__Lconfig                                config       300000
__Lconst                                 const        000000
__LcstackBANK0                           cstackBANK0  000000
__LcstackCOMRAM                          cstackCOMRAM 000000
__Ldata                                  data         000000
__LdataBANK0                             dataBANK0    000000
__LdataCOMRAM                            dataCOMRAM   000000
__Leeprom_data                           eeprom_data  000000
__Lend_init                              end_init     001018
__Lfarbss                                farbss       000000
__Lfardata                               fardata      000000
__Libigdata                              ibigdata     000000
__Lidata                                 idata        000000
__LidataBANK0                            idataBANK0   000000
__LidataCOMRAM                           idataCOMRAM  000000
__Lidloc                                 idloc        000000
__Lifardata                              ifardata     000000
__Linit                                  init         001018
__Lintcode                               intcode      001008
__Lintcode_body                          intcode_body 000000
__Lintcodelo                             intcodelo    001018
__Lintentry                              intentry     000000
__Lintret                                intret       000000
__Lintsave_regs                          intsave_regs 000000
__Lirdata                                irdata       000000
__Lmediumconst                           mediumconst  000000
__LnvFARRAM                              nvFARRAM     000000
__Lnvbit                                 nvbit        000000
__Lnvrram                                nvrram       000000
__Lpa_nodes                              pa_nodes     000000
__Lparam                                 rparam       000000
__Lpowerup                               powerup      001018
__Lram                                   ram          000000
__Lramtop                                ramtop       000800
__Lrbit                                  rbit         000000
__Lrbss                                  rbss         000000
__Lrdata                                 rdata        000000
__Lreset_vec                             reset_vec    001000
__Lrparam                                rparam       000000
__Lsfr                                   sfr          000000
__Lsmallconst                            smallconst   00101C
__Lspace_0                               (abs)        000000
__Lspace_1                               (abs)        000000
__Lspace_2                               (abs)        000000
__Lstack                                 stack        000000
__Lstruct                                struct       000000
__Ltemp                                  temp         000000
__Ltext                                  text         000000
__Ltext0                                 text0        000000
__Ltext1                                 text1        000000
__Ltext10                                text10       000000
__Ltext11                                text11       000000
__Ltext12                                text12       000000
__Ltext13                                text13       000000
__Ltext14                                text14       000000
__Ltext15                                text15       000000
__Ltext16                                text16       000000
__Ltext17                                text17       000000
__Ltext18                                text18       000000
__Ltext19                                text19       000000
__Ltext2                                 text2        000000
__Ltext20                                text20       000000
__Ltext21                                text21       000000
__Ltext22                                text22       000000
__Ltext23                                text23       000000
__Ltext24                                text24       000000
__Ltext25                                text25       000000
__Ltext26                                text26       000000
__Ltext27                                text27       000000
__Ltext28                                text28       000000
__Ltext29                                text29       000000
__Ltext3                                 text3        000000
__Ltext30                                text30       000000
__Ltext31                                text31       000000
__Ltext33                                text33       000000
__Ltext34                                text34       000000
__Ltext35                                text35       000000
__Ltext36                                text36       000000
__Ltext37                                text37       000000
__Ltext38                                text38       000000
__Ltext39                                text39       000000
__Ltext4                                 text4        000000
__Ltext40                                text40       000000
__Ltext41                                text41       000000
__Ltext42                                text42       000000
__Ltext43                                text43       000000
__Ltext44                                text44       000000
__Ltext5                                 text5        000000
__Ltext6                                 text6        000000
__Ltext7                                 text7        000000
__Ltext8                                 text8        000000
__Ltext9                                 text9        000000
__S0                                     (abs)        30000E
__S1                                     (abs)        000260
__S2                                     (abs)        000000
___awdiv                                 text10       006950
___awdiv@counter                         cstackBANK0  00006A
___awdiv@dividend                        cstackBANK0  000066
___awdiv@divisor                         cstackBANK0  000068
___awdiv@quotient                        cstackBANK0  00006C
___awdiv@sign                            cstackBANK0  00006B
___awmod                                 text31       00679E
___awmod@counter                         cstackBANK0  000064
___awmod@dividend                        cstackBANK0  000060
___awmod@divisor                         cstackBANK0  000062
___awmod@sign                            cstackBANK0  000065
___inthi_sp                              stack        000000
___intlo_sp                              stack        000000
___lbdiv                                 text9        006508
___lbdiv@counter                         cstackBANK0  000062
___lbdiv@dividend                        cstackBANK0  000061
___lbdiv@divisor                         cstackBANK0  000060
___lbdiv@quotient                        cstackBANK0  000063
___lwdiv                                 text25       00664C
___lwdiv@counter                         cstackBANK0  000064
___lwdiv@dividend                        cstackBANK0  000060
___lwdiv@divisor                         cstackBANK0  000062
___lwdiv@quotient                        cstackBANK0  000065
___lwmod                                 text24       00657A
___lwmod@counter                         cstackBANK0  00006B
___lwmod@dividend                        cstackBANK0  000067
___lwmod@divisor                         cstackBANK0  000069
___param_bank                            (abs)        000010
___rparam_used                           (abs)        000001
___sp                                    stack        000000
___wmul                                  text23       00642E
___wmul@multiplicand                     cstackBANK0  000062
___wmul@multiplier                       cstackBANK0  000060
___wmul@product                          cstackBANK0  000064
__accesstop                              (abs)        000060
__activetblptr                           (abs)        000002
__end_ofPL10                             text28       006B64
__end_ofPL12                             text34       00729A
__end_ofPL14                             text34       0072B2
__end_ofPL16                             text4        00759C
__end_ofPL18                             text4        0075AA
__end_ofPL2                              text0        007F70
__end_ofPL20                             text0        007FB2
__end_ofPL22                             text34       0072C0
__end_ofPL24                             text0        007FC6
__end_ofPL26                             text22       006D92
__end_ofPL28                             text19       006AD0
__end_ofPL30                             text0        007FD6
__end_ofPL32                             text0        007FE4
__end_ofPL34                             text0        007FF2
__end_ofPL36                             text0        008000
__end_ofPL38                             text39       0064D4
__end_ofPL4                              text0        007F88
__end_ofPL6                              text0        007F9C
__end_ofPL8                              text28       006B40
__end_of_Busy_eep                        text21       006296
__end_of_Read_b_eep                      text29       0062F0
__end_of_Write_b_eep                     text20       006508
__end_of___awdiv                         text10       0069C8
__end_of___awmod                         text31       006806
__end_of___lbdiv                         text9        00653C
__end_of___lwdiv                         text25       006696
__end_of___lwmod                         text24       0065B8
__end_of___wmul                          text23       006454
__end_of__initialization                 cinit        006946
__end_of_ascii_para_numero               text30       00637C
__end_of_aux                             intcode_body 006FE8
__end_of_carregar_senha                  text28       006B2A
__end_of_config_serial                   text27       00639E
__end_of_delay_ms                        text26       00647E
__end_of_dia_da_semana                   text22       006D82
__end_of_dpowers                         smallconst   001027
__end_of_eeprom_config_inicial           text19       006AC0
__end_of_enviar_caractere_serial         text18       0062D0
__end_of_enviar_string_serial            text17       006736
__end_of_escrever_simbolo_fechadura      text15       0068DC
__end_of_isdigit                         text7        00635C
__end_of_lcd_clear                       text14       006324
__end_of_lcd_gotoxy                      text12       0066E0
__end_of_lcd_init                        text13       006CA4
__end_of_lcd_putc                        text6        00686E
__end_of_lcd_write                       text16       0063E4
__end_of_limpar_linha                    text11       006408
__end_of_main                            text0        007F62
__end_of_numero_para_ascii               text8        006A48
__end_of_printf                          text4        007584
__end_of_putch                           text5        0062A8
__end_of_resetar_timer1                  text3        0062DE
__end_of_teclado_matricial               text44       006BFC
__end_of_verificar_num_contas            text2        0064A8
__end_of_zerar_string                    text1        0063C0
__end_ofi2___lwdiv                       text43       006602
__end_ofi2___lwmod                       text42       00657A
__end_ofi2___wmul                        text41       00642E
__end_ofi2_isdigit                       text40       006340
__end_ofi2_lcd_clear                     text38       00630A
__end_ofi2_lcd_gotoxy                    text37       00664C
__end_ofi2_lcd_putc                      text36       00679E
__end_ofi2_lcd_write                     text39       0064C6
__end_ofi2_printf                        text34       007290
__end_ofi2_putch                         text35       00629E
__end_ofi2_resetar_timer1                text33       0062C2
__initialization                         cinit        0068DC
__mediumconst                            mediumconst  000000
__pbssBANK0                              bssBANK0     0000AF
__pbssBANK1                              bssBANK1     000100
__pbssBIGRAM                             bssBIGRAM    000150
__pbssCOMRAM                             bssCOMRAM    00002D
__pcinit                                 cinit        0068DC
__pcstackBANK0                           cstackBANK0  000060
__pcstackCOMRAM                          cstackCOMRAM 000001
__pdataBANK0                             dataBANK0    0000EC
__pdataCOMRAM                            dataCOMRAM   00003F
__pidataBANK0                            idataBANK0   0062A8
__pidataCOMRAM                           idataCOMRAM  001004
__pintcode                               intcode      001008
__pintcode_body                          intcode_body 006D92
__psmallconst                            smallconst   00101C
__ptext0                                 text0        0075AA
__ptext1                                 text1        00639E
__ptext10                                text10       006950
__ptext11                                text11       0063E4
__ptext12                                text12       006696
__ptext13                                text13       006BFC
__ptext14                                text14       00630A
__ptext15                                text15       00686E
__ptext16                                text16       0063C0
__ptext17                                text17       0066E0
__ptext18                                text18       0062C2
__ptext19                                text19       006A48
__ptext2                                 text2        00647E
__ptext20                                text20       0064D4
__ptext21                                text21       006290
__ptext22                                text22       006CA4
__ptext23                                text23       00642E
__ptext24                                text24       00657A
__ptext25                                text25       00664C
__ptext26                                text26       006454
__ptext27                                text27       00637C
__ptext28                                text28       006AD0
__ptext29                                text29       0062DE
__ptext3                                 text3        0062D0
__ptext30                                text30       00635C
__ptext31                                text31       00679E
__ptext33                                text33       0062B4
__ptext34                                text34       006FE8
__ptext35                                text35       006296
__ptext36                                text36       006736
__ptext37                                text37       006602
__ptext38                                text38       0062F0
__ptext39                                text39       0064A8
__ptext4                                 text4        0072C0
__ptext40                                text40       006324
__ptext41                                text41       006408
__ptext42                                text42       00653C
__ptext43                                text43       0065B8
__ptext44                                text44       006B64
__ptext5                                 text5        00629E
__ptext6                                 text6        006806
__ptext7                                 text7        006340
__ptext8                                 text8        0069C8
__ptext9                                 text9        006508
__ramtop                                 ramtop       000800
__size_of_Busy_eep                       (abs)        000000
__size_of_Read_b_eep                     (abs)        000000
__size_of_Write_b_eep                    (abs)        000000
__size_of___awdiv                        (abs)        000000
__size_of___awmod                        (abs)        000000
__size_of___lbdiv                        (abs)        000000
__size_of___lwdiv                        (abs)        000000
__size_of___lwmod                        (abs)        000000
__size_of___wmul                         (abs)        000000
__size_of_ascii_para_numero              (abs)        000000
__size_of_aux                            (abs)        000000
__size_of_carregar_senha                 (abs)        000000
__size_of_config_serial                  (abs)        000000
__size_of_delay_ms                       (abs)        000000
__size_of_dia_da_semana                  (abs)        000000
__size_of_eeprom_config_inicial          (abs)        000000
__size_of_enviar_caractere_serial        (abs)        000000
__size_of_enviar_string_serial           (abs)        000000
__size_of_escrever_simbolo_fechadura     (abs)        000000
__size_of_isdigit                        (abs)        000000
__size_of_lcd_clear                      (abs)        000000
__size_of_lcd_gotoxy                     (abs)        000000
__size_of_lcd_init                       (abs)        000000
__size_of_lcd_putc                       (abs)        000000
__size_of_lcd_write                      (abs)        000000
__size_of_limpar_linha                   (abs)        000000
__size_of_main                           (abs)        000000
__size_of_numero_para_ascii              (abs)        000000
__size_of_printf                         (abs)        000000
__size_of_putch                          (abs)        000000
__size_of_resetar_timer1                 (abs)        000000
__size_of_teclado_matricial              (abs)        000000
__size_of_verificar_num_contas           (abs)        000000
__size_of_zerar_string                   (abs)        000000
__size_ofi2___lwdiv                      (abs)        000000
__size_ofi2___lwmod                      (abs)        000000
__size_ofi2___wmul                       (abs)        000000
__size_ofi2_isdigit                      (abs)        000000
__size_ofi2_lcd_clear                    (abs)        000000
__size_ofi2_lcd_gotoxy                   (abs)        000000
__size_ofi2_lcd_putc                     (abs)        000000
__size_ofi2_lcd_write                    (abs)        000000
__size_ofi2_printf                       (abs)        000000
__size_ofi2_putch                        (abs)        000000
__size_ofi2_resetar_timer1               (abs)        000000
__smallconst                             smallconst   00101C
_ascii_para_numero                       text30       00635C
_aux                                     intcode      001008
_buffer_serial                           bssBANK1     000100
_buffer_teclado_matricial                bssBANK0     0000B4
_caractere_recebido                      bssBANK0     0000B2
_carregar_senha                          text28       006AD0
_config_serial                           text27       00637C
_data_atual                              bssCOMRAM    000038
_delay_ms                                text26       006454
_dia_da_semana                           text22       006CA4
_dpowers                                 smallconst   00101D
_eeprom_config_inicial                   text19       006A48
_enviar_caractere_serial                 text18       0062C2
_enviar_string_serial                    text17       0066E0
_escrever_simbolo_fechadura              text15       00686E
_isdigit                                 text7        006340
_isdigit$1524                            cstackBANK0  000061
_lcd_clear                               text14       00630A
_lcd_gotoxy                              text12       006696
_lcd_init                                text13       006BFC
_lcd_putc                                text6        006806
_lcd_type                                bssCOMRAM    000032
_lcd_write                               text16       0063C0
_limpar_linha                            text11       0063E4
_linha_lcd                               bssCOMRAM    000033
_main                                    text0        0075AA
_nova_senha                              bssBANK0     0000DC
_num_interrupt_timer1                    bssCOMRAM    000034
_numero_para_ascii                       text8        0069C8
_printf                                  text4        0072C0
_ptr_data                                bssBANK0     0000AF
_putch                                   text5        00629E
_qtd_caracteres_recebidos_serial         bssCOMRAM    000035
_qtd_caracteres_recebidos_teclado        bssCOMRAM    000036
_qtd_max_colunas_lcd                     bssCOMRAM    000037
_qtd_max_dias                            dataCOMRAM   00003F
_qtd_vezes_mesma_tecla_pressionada       bssBANK0     0000B3
_resetar_timer1                          text3        0062D0
_senha                                   bssBIGRAM    000150
_teclado_matricial                       text44       006B64
_verificar_num_contas                    text2        00647E
_zerar_string                            text1        00639E
ascii_para_numero@caractere1             cstackBANK0  000061
ascii_para_numero@caractere2             cstackBANK0  000060
ascii_para_numero@caractere3             cstackBANK0  000062
ascii_para_numero@numero                 cstackBANK0  000063
aux@coluna                               cstackCOMRAM 00002B
aux@linha                                cstackCOMRAM 00002C
carregar_senha@conta                     cstackBANK0  000069
carregar_senha@i                         cstackBANK0  000068
carregar_senha@senha_a_carregar          cstackBANK0  000062
config_serial@baud                       cstackBANK0  000060
delay_ms@delay_total                     cstackBANK0  000060
delay_ms@temp                            cstackBANK0  000063
dia_da_semana@F5265                      dataBANK0    0000EC
dia_da_semana@ano                        cstackBANK0  00006C
dia_da_semana@dia                        cstackBANK0  00006F
dia_da_semana@mes                        cstackBANK0  00006E
dia_da_semana@seculo                     cstackBANK0  000081
dia_da_semana@tabela_mes                 cstackBANK0  000075
eeprom_config_inicial@i                  cstackBANK0  000064
end_of_initialization                    cinit        006946
enviar_caractere_serial@carater_a_enviar cstackBANK0  000060
enviar_string_serial@string_a_enviar     cstackBANK0  000060
i2___lwdiv                               text43       0065B8
i2___lwdiv@counter                       cstackCOMRAM 000007
i2___lwdiv@dividend                      cstackCOMRAM 000001
i2___lwdiv@divisor                       cstackCOMRAM 000003
i2___lwdiv@quotient                      cstackCOMRAM 000005
i2___lwmod                               text42       00653C
i2___lwmod@counter                       cstackCOMRAM 00000C
i2___lwmod@dividend                      cstackCOMRAM 000008
i2___lwmod@divisor                       cstackCOMRAM 00000A
i2___wmul                                text41       006408
i2___wmul@multiplicand                   cstackCOMRAM 000003
i2___wmul@multiplier                     cstackCOMRAM 000001
i2___wmul@product                        cstackCOMRAM 000005
i2_isdigit                               text40       006324
i2_isdigit$1524                          cstackCOMRAM 000002
i2_lcd_clear                             text38       0062F0
i2_lcd_gotoxy                            text37       006602
i2_lcd_putc                              text36       006736
i2_lcd_write                             text39       0064A8
i2_printf                                text34       006FE8
i2_putch                                 text35       006296
i2_resetar_timer1                        text33       0062B4
i2isdigit@c                              cstackCOMRAM 000003
i2lcd_gotoxy@coluna                      cstackCOMRAM 000002
i2lcd_gotoxy@linha                       cstackCOMRAM 000004
i2lcd_putc@c                             cstackCOMRAM 000005
i2lcd_write@c                            cstackCOMRAM 000001
i2printf@ap                              cstackCOMRAM 000015
i2printf@c                               cstackCOMRAM 00001D
i2printf@cp                              cstackCOMRAM 000013
i2printf@f                               cstackCOMRAM 000011
i2printf@flag                            cstackCOMRAM 00001A
i2printf@len                             cstackCOMRAM 000018
i2printf@prec                            cstackCOMRAM 000012
i2printf@val                             cstackCOMRAM 000016
i2printf@width                           cstackCOMRAM 00001B
i2putch@c                                cstackCOMRAM 000006
i2resetar_timer1@valor_h                 cstackCOMRAM 000002
i2resetar_timer1@valor_l                 cstackCOMRAM 000001
int_func                                 intcode_body 006D92
intlevel0                                text         000000
intlevel1                                text         000000
intlevel2                                text         000000
intlevel3                                text         000000
isdigit@c                                cstackBANK0  000062
lcd_gotoxy@coluna                        cstackBANK0  000061
lcd_gotoxy@linha                         cstackBANK0  000063
lcd_init@definir_tipo_lcd                cstackBANK0  000063
lcd_putc@c                               cstackBANK0  000064
lcd_write@c                              cstackBANK0  000060
limpar_linha@coluna_atual                cstackBANK0  000065
limpar_linha@linha                       cstackBANK0  000064
main@cont                                cstackBANK0  0000AE
main@conta                               cstackBANK0  0000AB
main@conta_a_ser_alterada                cstackBANK0  0000A6
main@contas_cadastradas                  cstackBANK0  0000A3
main@endereco_modulo_repasse             cstackBANK0  00008F
main@etapa                               cstackBANK0  0000A8
main@funcao                              cstackBANK0  0000AD
main@i                                   cstackBANK0  0000A7
main@i_840                               cstackBANK0  0000AA
main@ordem                               cstackBANK0  0000AC
main@qtd_total_contas                    cstackBANK0  0000A5
main@tentativas                          cstackBANK0  0000A1
main@tentativas_841                      cstackBANK0  0000A2
main@ultimo_caractere_recebido           cstackBANK0  0000A9
numero_para_ascii@numero                 cstackBANK0  000071
numero_para_ascii@temp1                  cstackBANK0  000072
numero_para_ascii@temp2                  cstackBANK0  00006F
printf@ap                                cstackBANK0  00007F
printf@c                                 cstackBANK0  000088
printf@cp                                cstackBANK0  00007D
printf@f                                 cstackBANK0  000085
printf@flag                              cstackBANK0  000084
printf@len                               cstackBANK0  000082
printf@prec                              cstackBANK0  00007C
printf@val                               cstackBANK0  000080
printf@width                             cstackBANK0  000086
putch@c                                  cstackBANK0  000065
resetar_timer1@valor_h                   cstackBANK0  000061
resetar_timer1@valor_l                   cstackBANK0  000060
stackhi                                  (abs)        0007FF
stacklo                                  (abs)        000260
start                                    init         001018
start_initialization                     cinit        0068DC
teclado_matricial@caractere              cstackCOMRAM 000004
teclado_matricial@coluna                 cstackCOMRAM 000002
teclado_matricial@linha                  cstackCOMRAM 000001
teclado_matricial@temp                   cstackCOMRAM 000003
verificar_num_contas@i                   cstackBANK0  000063
verificar_num_contas@qtd_contas          cstackBANK0  000062
zerar_string@string_a_zerar              cstackBANK0  000060


FUNCTION INFORMATION:

 *************** function _main *****************
 Defined at:
		line 309 in file "D:\Dropbox\Micros\2015\TC_2015\18F4550\main.c"
 Parameters:    Size  Location     Type
		None
 Auto vars:     Size  Location     Type
  tentativas      1   66[BANK0 ] unsigned char 
  i               1   74[BANK0 ] unsigned char 
  tentativas      1   65[BANK0 ] unsigned char 
  endereco_mod   18   47[BANK0 ] unsigned char [18]
  i               1   71[BANK0 ] unsigned char 
  contas_cadas    2   67[BANK0 ] int 
  cont            1   78[BANK0 ] unsigned char 
  funcao          1   77[BANK0 ] unsigned char 
  ordem           1   76[BANK0 ] unsigned char 
  conta           1   75[BANK0 ] unsigned char 
  ultimo_carac    1   73[BANK0 ] unsigned char 
  etapa           1   72[BANK0 ] unsigned char 
  conta_a_ser_    1   70[BANK0 ] unsigned char 
  qtd_total_co    1   69[BANK0 ] unsigned char 
 Return value:  Size  Location     Type
                  2  254[None  ] int 
 Registers used:
		wreg, fsr1l, fsr1h, fsr2l, fsr2h, status,2, status,0, tblptrl, tblptrh, tblptru, prodl, prodh, cstack
 Tracked objects:
		On entry : 
		On exit  : 
		Unchanged: 
 Data sizes:     COMRAM   BANK0   BANK1   BANK2   BANK3   BANK4   BANK5   BANK6   BANK7
      Params:         0       0       0       0       0       0       0       0       0
      Locals:         0      32       0       0       0       0       0       0       0
      Temps:          0       6       0       0       0       0       0       0       0
      Totals:         0      38       0       0       0       0       0       0       0
Total ram usage:       38 bytes
 Hardware stack levels required when called:   11
 This function calls:
		_Busy_eep
		_Read_b_eep
		_Write_b_eep
		___awmod
		_ascii_para_numero
		_carregar_senha
		_config_serial
		_delay_ms
		_dia_da_semana
		_eeprom_config_inicial
		_enviar_caractere_serial
		_enviar_string_serial
		_lcd_gotoxy
		_lcd_init
		_limpar_linha
		_numero_para_ascii
		_printf
		_resetar_timer1
		_verificar_num_contas
		_zerar_string
 This function is called by:
		Startup code after reset
 This function uses a non-reentrant model


 *************** function _zerar_string *****************
 Defined at:
		line 106 in file "D:\Dropbox\Micros\2015\TC_2015\18F4550\main.c"
 Parameters:    Size  Location     Type
  string_a_zer    2    0[BANK0 ] PTR unsigned char 
		 -> buffer_teclado_matricial(40), buffer_serial(80), 
 Auto vars:     Size  Location     Type
		None
 Return value:  Size  Location     Type
		None               void
 Registers used:
		wreg, fsr2l, fsr2h, status,2, status,0
 Tracked objects:
		On entry : 
		On exit  : 
		Unchanged: 
 Data sizes:     COMRAM   BANK0   BANK1   BANK2   BANK3   BANK4   BANK5   BANK6   BANK7
      Params:         0       2       0       0       0       0       0       0       0
      Locals:         0       0       0       0       0       0       0       0       0
      Temps:          0       0       0       0       0       0       0       0       0
      Totals:         0       2       0       0       0       0       0       0       0
Total ram usage:        2 bytes
 Hardware stack levels used:    1
 Hardware stack levels required when called:    6
 This function calls:
		Nothing
 This function is called by:
		_main
 This function uses a non-reentrant model


 *************** function _verificar_num_contas *****************
 Defined at:
		line 19 in file "D:\Dropbox\Micros\2015\TC_2015\18F4550\eeprom_interna.c"
 Parameters:    Size  Location     Type
		None
 Auto vars:     Size  Location     Type
  i               1    3[BANK0 ] unsigned char 
  qtd_contas      1    2[BANK0 ] unsigned char 
 Return value:  Size  Location     Type
                  1    wreg      unsigned char 
 Registers used:
		wreg, status,2, status,0, prodl, prodh, cstack
 Tracked objects:
		On entry : 
		On exit  : 
		Unchanged: 
 Data sizes:     COMRAM   BANK0   BANK1   BANK2   BANK3   BANK4   BANK5   BANK6   BANK7
      Params:         0       0       0       0       0       0       0       0       0
      Locals:         0       2       0       0       0       0       0       0       0
      Temps:          0       0       0       0       0       0       0       0       0
      Totals:         0       2       0       0       0       0       0       0       0
Total ram usage:        2 bytes
 Hardware stack levels used:    1
 Hardware stack levels required when called:    7
 This function calls:
		_Read_b_eep
 This function is called by:
		_main
 This function uses a non-reentrant model


 *************** function _resetar_timer1 *****************
 Defined at:
		line 30 in file "D:\Dropbox\Micros\2015\TC_2015\18F4550\time.c"
 Parameters:    Size  Location     Type
  valor_h         1    wreg     unsigned char 
  valor_l         1    0[BANK0 ] unsigned char 
 Auto vars:     Size  Location     Type
  valor_h         1    1[BANK0 ] unsigned char 
 Return value:  Size  Location     Type
		None               void
 Registers used:
		wreg
 Tracked objects:
		On entry : 
		On exit  : 
		Unchanged: 
 Data sizes:     COMRAM   BANK0   BANK1   BANK2   BANK3   BANK4   BANK5   BANK6   BANK7
      Params:         0       1       0       0       0       0       0       0       0
      Locals:         0       1       0       0       0       0       0       0       0
      Temps:          0       0       0       0       0       0       0       0       0
      Totals:         0       2       0       0       0       0       0       0       0
Total ram usage:        2 bytes
 Hardware stack levels used:    1
 Hardware stack levels required when called:    6
 This function calls:
		Nothing
 This function is called by:
		_main
 This function uses a non-reentrant model


 *************** function _printf *****************
 Defined at:
		line 464 in file "C:\Program Files (x86)\Microchip\xc8\v1.34\sources\common\doprnt.c"
 Parameters:    Size  Location     Type
  f               1    wreg     PTR const unsigned char 
		 -> STR_20(33), STR_19(2), STR_15(18), STR_14(22), 
		 -> STR_13(20), STR_12(15), STR_11(19), STR_10(3), 
		 -> STR_9(17), STR_8(3), STR_7(4), STR_6(5), 
		 -> STR_3(3), STR_2(3), STR_1(2), 
 Auto vars:     Size  Location     Type
  f               1   37[BANK0 ] PTR const unsigned char 
		 -> STR_20(33), STR_19(2), STR_15(18), STR_14(22), 
		 -> STR_13(20), STR_12(15), STR_11(19), STR_10(3), 
		 -> STR_9(17), STR_8(3), STR_7(4), STR_6(5), 
		 -> STR_3(3), STR_2(3), STR_1(2), 
  tmpval          4    0        struct .
  width           2   38[BANK0 ] int 
  len             2   34[BANK0 ] unsigned int 
  val             2   32[BANK0 ] unsigned int 
  cp              2   29[BANK0 ] PTR const unsigned char 
		 -> STR_21(7), printf@c(1), buffer_teclado_matricial(40), 
  c               1   40[BANK0 ] char 
  flag            1   36[BANK0 ] unsigned char 
  ap              1   31[BANK0 ] PTR void [1]
		 -> ?i2_printf(2), ?_printf(2), 
  prec            1   28[BANK0 ] char 
 Return value:  Size  Location     Type
                  2   12[BANK0 ] int 
 Registers used:
		wreg, fsr1l, fsr1h, fsr2l, fsr2h, status,2, status,0, tblptrl, tblptrh, tblptru, prodl, prodh, cstack
 Tracked objects:
		On entry : 
		On exit  : 
		Unchanged: 
 Data sizes:     COMRAM   BANK0   BANK1   BANK2   BANK3   BANK4   BANK5   BANK6   BANK7
      Params:         0      12       0       0       0       0       0       0       0
      Locals:         0      13       0       0       0       0       0       0       0
      Temps:          0       4       0       0       0       0       0       0       0
      Totals:         0      29       0       0       0       0       0       0       0
Total ram usage:       29 bytes
 Hardware stack levels used:    1
 Hardware stack levels required when called:   10
 This function calls:
		___lwdiv
		___lwmod
		___wmul
		_isdigit
		_putch
 This function is called by:
		_main
 This function uses a non-reentrant model


 *************** function _putch *****************
 Defined at:
		line 244 in file "D:\Dropbox\Micros\2015\TC_2015\18F4550\LCD_ModSauer.c"
 Parameters:    Size  Location     Type
  c               1    wreg     unsigned char 
 Auto vars:     Size  Location     Type
  c               1    5[BANK0 ] unsigned char 
 Return value:  Size  Location     Type
		None               void
 Registers used:
		wreg, status,2, status,0, cstack
 Tracked objects:
		On entry : 
		On exit  : 
		Unchanged: 
 Data sizes:     COMRAM   BANK0   BANK1   BANK2   BANK3   BANK4   BANK5   BANK6   BANK7
      Params:         0       0       0       0       0       0       0       0       0
      Locals:         0       1       0       0       0       0       0       0       0
      Temps:          0       0       0       0       0       0       0       0       0
      Totals:         0       1       0       0       0       0       0       0       0
Total ram usage:        1 bytes
 Hardware stack levels used:    1
 Hardware stack levels required when called:    9
 This function calls:
		_lcd_putc
 This function is called by:
		_printf
 This function uses a non-reentrant model


 *************** function _lcd_putc *****************
 Defined at:
		line 151 in file "D:\Dropbox\Micros\2015\TC_2015\18F4550\LCD_ModSauer.c"
 Parameters:    Size  Location     Type
  c               1    wreg     unsigned char 
 Auto vars:     Size  Location     Type
  c               1    4[BANK0 ] unsigned char 
 Return value:  Size  Location     Type
		None               void
 Registers used:
		wreg, status,2, status,0, cstack
 Tracked objects:
		On entry : 
		On exit  : 
		Unchanged: 
 Data sizes:     COMRAM   BANK0   BANK1   BANK2   BANK3   BANK4   BANK5   BANK6   BANK7
      Params:         0       0       0       0       0       0       0       0       0
      Locals:         0       1       0       0       0       0       0       0       0
      Temps:          0       0       0       0       0       0       0       0       0
      Totals:         0       1       0       0       0       0       0       0       0
Total ram usage:        1 bytes
 Hardware stack levels used:    1
 Hardware stack levels required when called:    8
 This function calls:
		_lcd_clear
		_lcd_gotoxy
		_lcd_write
 This function is called by:
		_putch
 This function uses a non-reentrant model


 *************** function _isdigit *****************
 Defined at:
		line 8 in file "C:\Program Files (x86)\Microchip\xc8\v1.34\sources\common\isdigit.c"
 Parameters:    Size  Location     Type
  c               1    wreg     unsigned char 
 Auto vars:     Size  Location     Type
  c               1    2[BANK0 ] unsigned char 
 Return value:  Size  Location     Type
		None               void
 Registers used:
		wreg, status,2, status,0
 Tracked objects:
		On entry : 
		On exit  : 
		Unchanged: 
 Data sizes:     COMRAM   BANK0   BANK1   BANK2   BANK3   BANK4   BANK5   BANK6   BANK7
      Params:         0       0       0       0       0       0       0       0       0
      Locals:         0       2       0       0       0       0       0       0       0
      Temps:          0       1       0       0       0       0       0       0       0
      Totals:         0       3       0       0       0       0       0       0       0
Total ram usage:        3 bytes
 Hardware stack levels used:    1
 Hardware stack levels required when called:    6
 This function calls:
		Nothing
 This function is called by:
		_printf
 This function uses a non-reentrant model


 *************** function _numero_para_ascii *****************
 Defined at:
		line 79 in file "D:\Dropbox\Micros\2015\TC_2015\18F4550\ascii.c"
 Parameters:    Size  Location     Type
  numero          1    wreg     unsigned char 
 Auto vars:     Size  Location     Type
  numero          1   17[BANK0 ] unsigned char 
  temp1           2   18[BANK0 ] int 
  temp2           2   15[BANK0 ] int 
 Return value:  Size  Location     Type
		None               void
 Registers used:
		wreg, status,2, status,0, prodl, prodh, cstack
 Tracked objects:
		On entry : 
		On exit  : 
		Unchanged: 
 Data sizes:     COMRAM   BANK0   BANK1   BANK2   BANK3   BANK4   BANK5   BANK6   BANK7
      Params:         0       0       0       0       0       0       0       0       0
      Locals:         0       5       0       0       0       0       0       0       0
      Temps:          0       1       0       0       0       0       0       0       0
      Totals:         0       6       0       0       0       0       0       0       0
Total ram usage:        6 bytes
 Hardware stack levels used:    1
 Hardware stack levels required when called:    7
 This function calls:
		___awdiv
		___lbdiv
		___wmul
 This function is called by:
		_main
 This function uses a non-reentrant model


 *************** function ___lbdiv *****************
 Defined at:
		line 4 in file "C:\Program Files (x86)\Microchip\xc8\v1.34\sources\common\lbdiv.c"
 Parameters:    Size  Location     Type
  dividend        1    wreg     unsigned char 
  divisor         1    0[BANK0 ] unsigned char 
 Auto vars:     Size  Location     Type
  dividend        1    1[BANK0 ] unsigned char 
  quotient        1    3[BANK0 ] unsigned char 
  counter         1    2[BANK0 ] unsigned char 
 Return value:  Size  Location     Type
                  1    wreg      unsigned char 
 Registers used:
		wreg, status,2, status,0
 Tracked objects:
		On entry : 
		On exit  : 
		Unchanged: 
 Data sizes:     COMRAM   BANK0   BANK1   BANK2   BANK3   BANK4   BANK5   BANK6   BANK7
      Params:         0       1       0       0       0       0       0       0       0
      Locals:         0       3       0       0       0       0       0       0       0
      Temps:          0       0       0       0       0       0       0       0       0
      Totals:         0       4       0       0       0       0       0       0       0
Total ram usage:        4 bytes
 Hardware stack levels used:    1
 Hardware stack levels required when called:    6
 This function calls:
		Nothing
 This function is called by:
		_numero_para_ascii
 This function uses a non-reentrant model


 *************** function ___awdiv *****************
 Defined at:
		line 8 in file "C:\Program Files (x86)\Microchip\xc8\v1.34\sources\common\awdiv.c"
 Parameters:    Size  Location     Type
  dividend        2    6[BANK0 ] int 
  divisor         2    8[BANK0 ] int 
 Auto vars:     Size  Location     Type
  quotient        2   12[BANK0 ] int 
  sign            1   11[BANK0 ] unsigned char 
  counter         1   10[BANK0 ] unsigned char 
 Return value:  Size  Location     Type
                  2    6[BANK0 ] int 
 Registers used:
		wreg, status,2, status,0
 Tracked objects:
		On entry : 
		On exit  : 
		Unchanged: 
 Data sizes:     COMRAM   BANK0   BANK1   BANK2   BANK3   BANK4   BANK5   BANK6   BANK7
      Params:         0       4       0       0       0       0       0       0       0
      Locals:         0       4       0       0       0       0       0       0       0
      Temps:          0       0       0       0       0       0       0       0       0
[...]
 This function calls:
		Nothing
 This function is called by:
		_aux
 This function uses a non-reentrant model


 *************** function i2_printf *****************
 Defined at:
		line 464 in file "C:\Program Files (x86)\Microchip\xc8\v1.34\sources\common\doprnt.c"
 Parameters:    Size  Location     Type
  f               1    wreg     PTR const unsigned char 
		 -> STR_20(33), STR_19(2), STR_15(18), STR_14(22), 
		 -> STR_13(20), STR_12(15), STR_11(19), STR_10(3), 
		 -> STR_9(17), STR_8(3), STR_7(4), STR_6(5), 
		 -> STR_3(3), STR_2(3), STR_1(2), 
 Auto vars:     Size  Location     Type
  f               1   16[COMRAM] PTR const unsigned char 
		 -> STR_20(33), STR_19(2), STR_15(18), STR_14(22), 
		 -> STR_13(20), STR_12(15), STR_11(19), STR_10(3), 
		 -> STR_9(17), STR_8(3), STR_7(4), STR_6(5), 
		 -> STR_3(3), STR_2(3), STR_1(2), 
  printf          4    0        struct .
  printf          2   26[COMRAM] int 
  printf          2   23[COMRAM] unsigned int 
  printf          2   21[COMRAM] unsigned int 
  printf          2   18[COMRAM] PTR const unsigned char 
		 -> STR_21(7), printf@c(1), buffer_teclado_matricial(40), 
  printf          1   28[COMRAM] char 
  printf          1   25[COMRAM] unsigned char 
  printf          1   20[COMRAM] PTR void [1]
		 -> ?i2_printf(2), ?_printf(2), 
  printf          1   17[COMRAM] char 
 Return value:  Size  Location     Type
                  2    0[None  ] int 
 Registers used:
		wreg, fsr1l, fsr1h, fsr2l, fsr2h, status,2, status,0, tblptrl, tblptrh, tblptru, prodl, prodh, cstack
 Tracked objects:
		On entry : 
		On exit  : 
		Unchanged: 
 Data sizes:     COMRAM   BANK0   BANK1   BANK2   BANK3   BANK4   BANK5   BANK6   BANK7
      Params:         0       0       0       0       0       0       0       0       0
      Locals:        13       0       0       0       0       0       0       0       0
      Temps:          4       0       0       0       0       0       0       0       0
      Totals:        17       0       0       0       0       0       0       0       0
Total ram usage:       17 bytes
 Hardware stack levels used:    1
 Hardware stack levels required when called:    4
 This function calls:
		i2___lwdiv
		i2___lwmod
		i2___wmul
		i2_isdigit
		i2_putch
 This function is called by:
		_aux
 This function uses a non-reentrant model


 *************** function i2_putch *****************
 Defined at:
		line 244 in file "D:\Dropbox\Micros\2015\TC_2015\18F4550\LCD_ModSauer.c"
 Parameters:    Size  Location     Type
  c               1    wreg     unsigned char 
 Auto vars:     Size  Location     Type
  c               1    5[COMRAM] unsigned char 
 Return value:  Size  Location     Type
		None               void
 Registers used:
		wreg, status,2, status,0, cstack
 Tracked objects:
		On entry : 
		On exit  : 
		Unchanged: 
 Data sizes:     COMRAM   BANK0   BANK1   BANK2   BANK3   BANK4   BANK5   BANK6   BANK7
      Params:         0       0       0       0       0       0       0       0       0
      Locals:         1       0       0       0       0       0       0       0       0
      Temps:          0       0       0       0       0       0       0       0       0
      Totals:         1       0       0       0       0       0       0       0       0
Total ram usage:        1 bytes
 Hardware stack levels used:    1
 Hardware stack levels required when called:    3
 This function calls:
		i2_lcd_putc
 This function is called by:
		i2_printf
 This function uses a non-reentrant model


 *************** function i2_lcd_putc *****************
 Defined at:
		line 151 in file "D:\Dropbox\Micros\2015\TC_2015\18F4550\LCD_ModSauer.c"
 Parameters:    Size  Location     Type
  c               1    wreg     unsigned char 
 Auto vars:     Size  Location     Type
  c               1    4[COMRAM] unsigned char 
 Return value:  Size  Location     Type
		None               void
 Registers used:
		wreg, status,2, status,0, cstack
 Tracked objects:
		On entry : 
		On exit  : 
		Unchanged: 
 Data sizes:     COMRAM   BANK0   BANK1   BANK2   BANK3   BANK4   BANK5   BANK6   BANK7
      Params:         0       0       0       0       0       0       0       0       0
      Locals:         1       0       0       0       0       0       0       0       0
      Temps:          0       0       0       0       0       0       0       0       0
      Totals:         1       0       0       0       0       0       0       0       0
Total ram usage:        1 bytes
 Hardware stack levels used:    1
 Hardware stack levels required when called:    2
 This function calls:
		i2_lcd_clear
		i2_lcd_gotoxy
		i2_lcd_write
 This function is called by:
		i2_putch
 This function uses a non-reentrant model


 *************** function i2_lcd_gotoxy *****************
 Defined at:
		line 218 in file "D:\Dropbox\Micros\2015\TC_2015\18F4550\LCD_ModSauer.c"
 Parameters:    Size  Location     Type
  linha           1    wreg     unsigned char 
  coluna          1    1[COMRAM] unsigned char 
 Auto vars:     Size  Location     Type
  linha           1    3[COMRAM] unsigned char 
 Return value:  Size  Location     Type
		None               void
 Registers used:
		wreg, status,2, status,0, cstack
 Tracked objects:
		On entry : 
		On exit  : 
		Unchanged: 
 Data sizes:     COMRAM   BANK0   BANK1   BANK2   BANK3   BANK4   BANK5   BANK6   BANK7
      Params:         1       0       0       0       0       0       0       0       0
      Locals:         1       0       0       0       0       0       0       0       0
      Temps:          1       0       0       0       0       0       0       0       0
      Totals:         3       0       0       0       0       0       0       0       0
Total ram usage:        3 bytes
 Hardware stack levels used:    1
 Hardware stack levels required when called:    1
 This function calls:
		i2_lcd_write
 This function is called by:
		_aux
		i2_lcd_putc
 This function uses a non-reentrant model


 *************** function i2_lcd_clear *****************
 Defined at:
		line 140 in file "D:\Dropbox\Micros\2015\TC_2015\18F4550\LCD_ModSauer.c"
 Parameters:    Size  Location     Type
		None
 Auto vars:     Size  Location     Type
		None
 Return value:  Size  Location     Type
		None               void
 Registers used:
		wreg, status,2, status,0, cstack
 Tracked objects:
		On entry : 
		On exit  : 
		Unchanged: 
 Data sizes:     COMRAM   BANK0   BANK1   BANK2   BANK3   BANK4   BANK5   BANK6   BANK7
      Params:         0       0       0       0       0       0       0       0       0
      Locals:         0       0       0       0       0       0       0       0       0
      Temps:          1       0       0       0       0       0       0       0       0
      Totals:         1       0       0       0       0       0       0       0       0
Total ram usage:        1 bytes
 Hardware stack levels used:    1
 Hardware stack levels required when called:    1
 This function calls:
		i2_lcd_write
 This function is called by:
		i2_lcd_putc
 This function uses a non-reentrant model


 *************** function i2_lcd_write *****************
 Defined at:
		line 124 in file "D:\Dropbox\Micros\2015\TC_2015\18F4550\LCD_ModSauer.c"
 Parameters:    Size  Location     Type
  c               1    wreg     unsigned char 
 Auto vars:     Size  Location     Type
  c               1    0[COMRAM] unsigned char 
 Return value:  Size  Location     Type
		None               void
 Registers used:
		wreg, status,2, status,0, cstack
 Tracked objects:
		On entry : 
		On exit  : 
		Unchanged: 
 Data sizes:     COMRAM   BANK0   BANK1   BANK2   BANK3   BANK4   BANK5   BANK6   BANK7
      Params:         0       0       0       0       0       0       0       0       0
      Locals:         1       0       0       0       0       0       0       0       0
      Temps:          0       0       0       0       0       0       0       0       0
      Totals:         1       0       0       0       0       0       0       0       0
Total ram usage:        1 bytes
 Hardware stack levels used:    1
 This function calls:
		Nothing
 This function is called by:
		i2_lcd_clear
		i2_lcd_putc
		i2_lcd_gotoxy
 This function uses a non-reentrant model


 *************** function i2_isdigit *****************
 Defined at:
		line 8 in file "C:\Program Files (x86)\Microchip\xc8\v1.34\sources\common\isdigit.c"
 Parameters:    Size  Location     Type
  c               1    wreg     unsigned char 
 Auto vars:     Size  Location     Type
  c               1    2[COMRAM] unsigned char 
 Return value:  Size  Location     Type
		None               void
 Registers used:
		wreg, status,2, status,0
 Tracked objects:
		On entry : 
		On exit  : 
		Unchanged: 
 Data sizes:     COMRAM   BANK0   BANK1   BANK2   BANK3   BANK4   BANK5   BANK6   BANK7
      Params:         0       0       0       0       0       0       0       0       0
      Locals:         2       0       0       0       0       0       0       0       0
      Temps:          1       0       0       0       0       0       0       0       0
      Totals:         3       0       0       0       0       0       0       0       0
Total ram usage:        3 bytes
 Hardware stack levels used:    1
 This function calls:
		Nothing
 This function is called by:
		i2_printf
 This function uses a non-reentrant model


 *************** function i2___wmul *****************
 Defined at:
		line 15 in file "C:\Program Files (x86)\Microchip\xc8\v1.34\sources\common\Umul16.c"
 Parameters:    Size  Location     Type
  multiplier      2    0[COMRAM] unsigned int 
  multiplicand    2    2[COMRAM] unsigned int 
 Auto vars:     Size  Location     Type
  __wmul          2    4[COMRAM] unsigned int 
 Return value:  Size  Location     Type
                  2    0[COMRAM] unsigned int 
 Registers used:
		wreg, status,2, status,0, prodl, prodh
 Tracked objects:
		On entry : 
		On exit  : 
		Unchanged: 
 Data sizes:     COMRAM   BANK0   BANK1   BANK2   BANK3   BANK4   BANK5   BANK6   BANK7
      Params:         4       0       0       0       0       0       0       0       0
      Locals:         2       0       0       0       0       0       0       0       0
      Temps:          0       0       0       0       0       0       0       0       0
      Totals:         6       0       0       0       0       0       0       0       0
Total ram usage:        6 bytes
 Hardware stack levels used:    1
 This function calls:
		Nothing
 This function is called by:
		i2_printf
 This function uses a non-reentrant model


 *************** function i2___lwmod *****************
 Defined at:
		line 8 in file "C:\Program Files (x86)\Microchip\xc8\v1.34\sources\common\lwmod.c"
 Parameters:    Size  Location     Type
  dividend        2    7[COMRAM] unsigned int 
  divisor         2    9[COMRAM] unsigned int 
 Auto vars:     Size  Location     Type
  __lwmod         1   11[COMRAM] unsigned char 
 Return value:  Size  Location     Type
                  2    7[COMRAM] unsigned int 
 Registers used:
		wreg, status,2, status,0
 Tracked objects:
		On entry : 
		On exit  : 
		Unchanged: 
 Data sizes:     COMRAM   BANK0   BANK1   BANK2   BANK3   BANK4   BANK5   BANK6   BANK7
      Params:         4       0       0       0       0       0       0       0       0
      Locals:         1       0       0       0       0       0       0       0       0
      Temps:          0       0       0       0       0       0       0       0       0
      Totals:         5       0       0       0       0       0       0       0       0
Total ram usage:        5 bytes
 Hardware stack levels used:    1
 This function calls:
		Nothing
 This function is called by:
		i2_printf
 This function uses a non-reentrant model


 *************** function i2___lwdiv *****************
 Defined at:
		line 8 in file "C:\Program Files (x86)\Microchip\xc8\v1.34\sources\common\lwdiv.c"
 Parameters:    Size  Location     Type
  dividend        2    0[COMRAM] unsigned int 
  divisor         2    2[COMRAM] unsigned int 
 Auto vars:     Size  Location     Type
  __lwdiv         2    4[COMRAM] unsigned int 
  __lwdiv         1    6[COMRAM] unsigned char 
 Return value:  Size  Location     Type
                  2    0[COMRAM] unsigned int 
 Registers used:
		wreg, status,2, status,0
 Tracked objects:
		On entry : 
		On exit  : 
		Unchanged: 
 Data sizes:     COMRAM   BANK0   BANK1   BANK2   BANK3   BANK4   BANK5   BANK6   BANK7
      Params:         4       0       0       0       0       0       0       0       0
      Locals:         3       0       0       0       0       0       0       0       0
      Temps:          0       0       0       0       0       0       0       0       0
      Totals:         7       0       0       0       0       0       0       0       0
Total ram usage:        7 bytes
 Hardware stack levels used:    1
 This function calls:
		Nothing
 This function is called by:
		i2_printf
 This function uses a non-reentrant model


 *************** function _teclado_matricial *****************
 Defined at:
		line 5 in file "D:\Dropbox\Micros\2015\TC_2015\18F4550\ascii.c"
 Parameters:    Size  Location     Type
  coluna          1    wreg     unsigned char 
  linha           1    0[COMRAM] unsigned char 
 Auto vars:     Size  Location     Type
  coluna          1    1[COMRAM] unsigned char 
  caractere       1    3[COMRAM] unsigned char 
  temp            1    2[COMRAM] unsigned char 
 Return value:  Size  Location     Type
                  1    wreg      unsigned char 
 Registers used:
		wreg, status,2, status,0, prodl, prodh
 Tracked objects:
		On entry : 
		On exit  : 
		Unchanged: 
 Data sizes:     COMRAM   BANK0   BANK1   BANK2   BANK3   BANK4   BANK5   BANK6   BANK7
      Params:         1       0       0       0       0       0       0       0       0
      Locals:         3       0       0       0       0       0       0       0       0
      Temps:          0       0       0       0       0       0       0       0       0
      Totals:         4       0       0       0       0       0       0       0       0
Total ram usage:        4 bytes
 Hardware stack levels used:    1
 This function calls:
		Nothing
 This function is called by:
		_aux
 This function uses a non-reentrant model



MODULE INFORMATION

Module		Function		Class		Link	Load	Size
C:\Program Files (x86)\Microchip\xc8\v1.34\sources\common\lbdiv.c
		___lbdiv       		CODE           	6508	0000	53

C:\Program Files (x86)\Microchip\xc8\v1.34\sources\common\lbdiv.c estimated size: 53

C:\Program Files (x86)\Microchip\xc8\v1.34\sources\pic18\plib\EEP\read_B.c
		_Read_b_eep    		CODE           	62DE	0000	19

C:\Program Files (x86)\Microchip\xc8\v1.34\sources\pic18\plib\EEP\read_B.c estimated size: 19

C:\Program Files (x86)\Microchip\xc8\v1.34\sources\common\lwmod.c
		___lwmod       		CODE           	657A	0000	63

C:\Program Files (x86)\Microchip\xc8\v1.34\sources\common\lwmod.c estimated size: 63

C:\Program Files (x86)\Microchip\xc8\v1.34\sources\common\awmod.c
		___awmod       		CODE           	679E	0000	105

C:\Program Files (x86)\Microchip\xc8\v1.34\sources\common\awmod.c estimated size: 105

C:\Program Files (x86)\Microchip\xc8\v1.34\sources\pic18\plib\EEP\busy_eep.c
		_Busy_eep      		CODE           	6290	0000	7

C:\Program Files (x86)\Microchip\xc8\v1.34\sources\pic18\plib\EEP\busy_eep.c estimated size: 7

D:\Dropbox\Micros\2015\TC_2015\18F4550\LCD_ModSauer.c
		_limpar_linha  		CODE           	63E4	0000	37
		_lcd_putc      		CODE           	6806	0000	105
		_putch         		CODE           	629E	0000	11
		_escrever_simbo		CODE           	686E	0000	111
		_lcd_clear     		CODE           	630A	0000	27
		_lcd_gotoxy    		CODE           	6696	0000	75
		_lcd_write     		CODE           	63C0	0000	37
		_lcd_init      		CODE           	6BFC	0000	169

D:\Dropbox\Micros\2015\TC_2015\18F4550\LCD_ModSauer.c estimated size: 572

C:\Program Files (x86)\Microchip\xc8\v1.34\sources\common\isdigit.c
		_isdigit       		CODE           	6340	0000	29

C:\Program Files (x86)\Microchip\xc8\v1.34\sources\common\isdigit.c estimated size: 29

D:\Dropbox\Micros\2015\TC_2015\18F4550\main.c
		_zerar_string  		CODE           	639E	0000	35
		_main          		CODE           	75AA	0000	2489
		_aux           		CODE           	1008	0000	615

D:\Dropbox\Micros\2015\TC_2015\18F4550\main.c estimated size: 3139

shared
		PL12           		CODE           	7290	0000	11
		PL8            		CODE           	6B2A	0000	23
		i2_printf      		CODE           	6FE8	0000	681
		PL22           		CODE           	72B2	0000	15
		PL32           		CODE           	7FD6	0000	15
		PL14           		CODE           	729A	0000	25
		PL24           		CODE           	7FB2	0000	21
		i2_putch       		CODE           	6296	0000	9
		PL34           		CODE           	7FE4	0000	15
		PL16           		CODE           	7584	0000	25
		PL26           		CODE           	6D82	0000	17
		PL36           		CODE           	7FF2	0000	15
		_dpowers       		SMALLCONST     	101D	0000	11
		PL18           		CODE           	759C	0000	15
		i2___lwdiv     		CODE           	65B8	0000	75
		PL28           		CODE           	6AC0	0000	17
		i2_isdigit     		CODE           	6324	0000	29
		PL38           		CODE           	64C6	0000	15
		i2___wmul      		CODE           	6408	0000	39
		i2___lwmod     		CODE           	653C	0000	63
		i2_resetar_time		CODE           	62B4	0000	15
		__initializatio		CODE           	68DC	0000	107
		i2_lcd_write   		CODE           	64A8	0000	31
		i2_lcd_gotoxy  		CODE           	6602	0000	75
		i2_lcd_putc    		CODE           	6736	0000	105
		PL2            		CODE           	7F62	0000	15
		i2_lcd_clear   		CODE           	62F0	0000	27
		PL10           		CODE           	6B40	0000	37
		PL4            		CODE           	7F70	0000	25
		PL20           		CODE           	7F9C	0000	23
		PL30           		CODE           	7FC6	0000	17
		PL6            		CODE           	7F88	0000	21

shared estimated size: 1634

C:\Program Files (x86)\Microchip\xc8\v1.34\sources\common\lwdiv.c
		___lwdiv       		CODE           	664C	0000	75

C:\Program Files (x86)\Microchip\xc8\v1.34\sources\common\lwdiv.c estimated size: 75

C:\Program Files (x86)\Microchip\xc8\v1.34\sources\common\awdiv.c
		___awdiv       		CODE           	6950	0000	121

C:\Program Files (x86)\Microchip\xc8\v1.34\sources\common\awdiv.c estimated size: 121

D:\Dropbox\Micros\2015\TC_2015\18F4550\eeprom_interna.c
		_verificar_num_		CODE           	647E	0000	43
		_eeprom_config_		CODE           	6A48	0000	121
		_carregar_senha		CODE           	6AD0	0000	91

D:\Dropbox\Micros\2015\TC_2015\18F4550\eeprom_interna.c estimated size: 255

D:\Dropbox\Micros\2015\TC_2015\18F4550\time.c
		_resetar_timer1		CODE           	62D0	0000	15
		_delay_ms      		CODE           	6454	0000	43
		_dia_da_semana 		CODE           	6CA4	0000	223

D:\Dropbox\Micros\2015\TC_2015\18F4550\time.c estimated size: 281

C:\Program Files (x86)\Microchip\xc8\v1.34\sources\common\doprnt.c
		_printf        		CODE           	72C0	0000	709

C:\Program Files (x86)\Microchip\xc8\v1.34\sources\common\doprnt.c estimated size: 709

D:\Dropbox\Micros\2015\TC_2015\18F4550\serial.c
		_config_serial 		CODE           	637C	0000	35
		_enviar_caracte		CODE           	62C2	0000	15
		_enviar_string_		CODE           	66E0	0000	87

D:\Dropbox\Micros\2015\TC_2015\18F4550\serial.c estimated size: 137

C:\Program Files (x86)\Microchip\xc8\v1.34\sources\common\Umul16.c
		___wmul        		CODE           	642E	0000	39

C:\Program Files (x86)\Microchip\xc8\v1.34\sources\common\Umul16.c estimated size: 39

C:\Program Files (x86)\Microchip\xc8\v1.34\sources\pic18\plib\EEP\write_B.c
		_Write_b_eep   		CODE           	64D4	0000	53

C:\Program Files (x86)\Microchip\xc8\v1.34\sources\pic18\plib\EEP\write_B.c estimated size: 53

D:\Dropbox\Micros\2015\TC_2015\18F4550\ascii.c
		_ascii_para_num		CODE           	635C	0000	33
		_numero_para_as		CODE           	69C8	0000	129
		_teclado_matric		CODE           	6B64	0000	153

D:\Dropbox\Micros\2015\TC_2015\18F4550\ascii.c estimated size: 315

